Archive member included to satisfy reference by file (symbol)

/usr/lib/gcc/arm-none-eabi/6.2.0/../../../../arm-none-eabi/lib/armv7e-m/fpu/libm.a(lib_a-s_cos.o)
                              ./APP/app.o (cos)
/usr/lib/gcc/arm-none-eabi/6.2.0/../../../../arm-none-eabi/lib/armv7e-m/fpu/libm.a(lib_a-s_sin.o)
                              ./APP/app.o (sin)
/usr/lib/gcc/arm-none-eabi/6.2.0/../../../../arm-none-eabi/lib/armv7e-m/fpu/libm.a(lib_a-w_exp.o)
                              ./APP/app.o (exp)
/usr/lib/gcc/arm-none-eabi/6.2.0/../../../../arm-none-eabi/lib/armv7e-m/fpu/libm.a(lib_a-e_exp.o)
                              /usr/lib/gcc/arm-none-eabi/6.2.0/../../../../arm-none-eabi/lib/armv7e-m/fpu/libm.a(lib_a-w_exp.o) (__ieee754_exp)
/usr/lib/gcc/arm-none-eabi/6.2.0/../../../../arm-none-eabi/lib/armv7e-m/fpu/libm.a(lib_a-e_rem_pio2.o)
                              /usr/lib/gcc/arm-none-eabi/6.2.0/../../../../arm-none-eabi/lib/armv7e-m/fpu/libm.a(lib_a-s_cos.o) (__ieee754_rem_pio2)
/usr/lib/gcc/arm-none-eabi/6.2.0/../../../../arm-none-eabi/lib/armv7e-m/fpu/libm.a(lib_a-k_cos.o)
                              /usr/lib/gcc/arm-none-eabi/6.2.0/../../../../arm-none-eabi/lib/armv7e-m/fpu/libm.a(lib_a-s_cos.o) (__kernel_cos)
/usr/lib/gcc/arm-none-eabi/6.2.0/../../../../arm-none-eabi/lib/armv7e-m/fpu/libm.a(lib_a-k_rem_pio2.o)
                              /usr/lib/gcc/arm-none-eabi/6.2.0/../../../../arm-none-eabi/lib/armv7e-m/fpu/libm.a(lib_a-e_rem_pio2.o) (__kernel_rem_pio2)
/usr/lib/gcc/arm-none-eabi/6.2.0/../../../../arm-none-eabi/lib/armv7e-m/fpu/libm.a(lib_a-k_sin.o)
                              /usr/lib/gcc/arm-none-eabi/6.2.0/../../../../arm-none-eabi/lib/armv7e-m/fpu/libm.a(lib_a-s_cos.o) (__kernel_sin)
/usr/lib/gcc/arm-none-eabi/6.2.0/../../../../arm-none-eabi/lib/armv7e-m/fpu/libm.a(lib_a-s_fabs.o)
                              /usr/lib/gcc/arm-none-eabi/6.2.0/../../../../arm-none-eabi/lib/armv7e-m/fpu/libm.a(lib_a-e_rem_pio2.o) (fabs)
/usr/lib/gcc/arm-none-eabi/6.2.0/../../../../arm-none-eabi/lib/armv7e-m/fpu/libm.a(lib_a-s_finite.o)
                              /usr/lib/gcc/arm-none-eabi/6.2.0/../../../../arm-none-eabi/lib/armv7e-m/fpu/libm.a(lib_a-w_exp.o) (finite)
/usr/lib/gcc/arm-none-eabi/6.2.0/../../../../arm-none-eabi/lib/armv7e-m/fpu/libm.a(lib_a-s_floor.o)
                              /usr/lib/gcc/arm-none-eabi/6.2.0/../../../../arm-none-eabi/lib/armv7e-m/fpu/libm.a(lib_a-k_rem_pio2.o) (floor)
/usr/lib/gcc/arm-none-eabi/6.2.0/../../../../arm-none-eabi/lib/armv7e-m/fpu/libm.a(lib_a-s_lib_ver.o)
                              /usr/lib/gcc/arm-none-eabi/6.2.0/../../../../arm-none-eabi/lib/armv7e-m/fpu/libm.a(lib_a-w_exp.o) (__fdlib_version)
/usr/lib/gcc/arm-none-eabi/6.2.0/../../../../arm-none-eabi/lib/armv7e-m/fpu/libm.a(lib_a-s_matherr.o)
                              /usr/lib/gcc/arm-none-eabi/6.2.0/../../../../arm-none-eabi/lib/armv7e-m/fpu/libm.a(lib_a-w_exp.o) (matherr)
/usr/lib/gcc/arm-none-eabi/6.2.0/../../../../arm-none-eabi/lib/armv7e-m/fpu/libm.a(lib_a-s_scalbn.o)
                              /usr/lib/gcc/arm-none-eabi/6.2.0/../../../../arm-none-eabi/lib/armv7e-m/fpu/libm.a(lib_a-k_rem_pio2.o) (scalbn)
/usr/lib/gcc/arm-none-eabi/6.2.0/../../../../arm-none-eabi/lib/armv7e-m/fpu/libm.a(lib_a-s_copysign.o)
                              /usr/lib/gcc/arm-none-eabi/6.2.0/../../../../arm-none-eabi/lib/armv7e-m/fpu/libm.a(lib_a-s_scalbn.o) (copysign)
/usr/lib/gcc/arm-none-eabi/6.2.0/armv7e-m/fpu/libgcc.a(_arm_addsubdf3.o)
                              ./APP/app.o (__aeabi_dsub)
/usr/lib/gcc/arm-none-eabi/6.2.0/armv7e-m/fpu/libgcc.a(_arm_muldivdf3.o)
                              ./APP/app.o (__aeabi_dmul)
/usr/lib/gcc/arm-none-eabi/6.2.0/armv7e-m/fpu/libgcc.a(_arm_cmpdf2.o)
                              /usr/lib/gcc/arm-none-eabi/6.2.0/../../../../arm-none-eabi/lib/armv7e-m/fpu/libm.a(lib_a-e_rem_pio2.o) (__aeabi_dcmpeq)
/usr/lib/gcc/arm-none-eabi/6.2.0/armv7e-m/fpu/libgcc.a(_arm_fixdfsi.o)
                              /usr/lib/gcc/arm-none-eabi/6.2.0/../../../../arm-none-eabi/lib/armv7e-m/fpu/libm.a(lib_a-e_exp.o) (__aeabi_d2iz)
/usr/lib/gcc/arm-none-eabi/6.2.0/armv7e-m/fpu/libgcc.a(_arm_truncdfsf2.o)
                              ./APP/app.o (__aeabi_d2f)
/usr/lib/gcc/arm-none-eabi/6.2.0/armv7e-m/fpu/libgcc.a(_aeabi_uldivmod.o)
                              ./BSP/cpu_bsp.o (__aeabi_uldivmod)
/usr/lib/gcc/arm-none-eabi/6.2.0/armv7e-m/fpu/libgcc.a(_udivmoddi4.o)
                              /usr/lib/gcc/arm-none-eabi/6.2.0/armv7e-m/fpu/libgcc.a(_aeabi_uldivmod.o) (__udivmoddi4)
/usr/lib/gcc/arm-none-eabi/6.2.0/armv7e-m/fpu/libgcc.a(_dvmd_tls.o)
                              /usr/lib/gcc/arm-none-eabi/6.2.0/armv7e-m/fpu/libgcc.a(_aeabi_uldivmod.o) (__aeabi_ldiv0)
/usr/lib/gcc/arm-none-eabi/6.2.0/../../../../arm-none-eabi/lib/armv7e-m/fpu/libg_nano.a(lib_a-assert.o)
                              ./KSDK/platform/system/interrupt/src/fsl_interrupt_manager.o (__assert_func)
[...]
Memory Configuration

Name             Origin             Length             Attributes
m_interrupts     0x0000000000000000 0x0000000000000400 xr
m_text           0x0000000000000410 0x00000000000ffbf0 xr
m_interrupts_ram 0x000000001fff0000 0x0000000000000400 rw
m_data_1FFF0400  0x000000001fff0400 0x000000000000fc00 rw
m_data           0x0000000020000000 0x0000000000030000 rw
m_flash_config   0x0000000000000400 0x0000000000000010 xr
*default*        0x0000000000000000 0xffffffffffffffff

Linker script and memory map

LOAD /usr/lib/gcc/arm-none-eabi/6.2.0/armv7e-m/fpu/crti.o
LOAD /usr/lib/gcc/arm-none-eabi/6.2.0/armv7e-m/fpu/crtbegin.o
LOAD /usr/lib/gcc/arm-none-eabi/6.2.0/../../../../arm-none-eabi/lib/armv7e-m/fpu/crt0.o
LOAD ./uCOS-III/Source/os_cfg_app.o
LOAD ./uCOS-III/Source/os_core.o
LOAD ./uCOS-III/Source/os_dbg.o
LOAD ./uCOS-III/Source/os_flag.o
LOAD ./uCOS-III/Source/os_int.o
LOAD ./uCOS-III/Source/os_mem.o
LOAD ./uCOS-III/Source/os_msg.o
LOAD ./uCOS-III/Source/os_mutex.o
LOAD ./uCOS-III/Source/os_pend_multi.o
LOAD ./uCOS-III/Source/os_prio.o
LOAD ./uCOS-III/Source/os_q.o
LOAD ./uCOS-III/Source/os_sem.o
LOAD ./uCOS-III/Source/os_stat.o
LOAD ./uCOS-III/Source/os_task.o
LOAD ./uCOS-III/Source/os_tick.o
LOAD ./uCOS-III/Source/os_time.o
LOAD ./uCOS-III/Source/os_tmr.o
LOAD ./uCOS-III/Source/os_var.o
LOAD ./uCOS-III/Ports/ARM-Cortex-M4/Generic/GNU/os_cpu_a.o
LOAD ./uCOS-III/Ports/ARM-Cortex-M4/Generic/GNU/os_cpu_c.o
LOAD ./uC-LIB/lib_ascii.o
LOAD ./uC-LIB/lib_math.o
LOAD ./uC-LIB/lib_mem.o
LOAD ./uC-LIB/lib_str.o
LOAD ./uC-CPU/ARM-Cortex-M4/GNU/cpu_a.o
LOAD ./uC-CPU/ARM-Cortex-M4/GNU/cpu_c.o
LOAD ./uC-CPU/cpu_core.o
LOAD ./KSDK/platform/system/interrupt/src/fsl_interrupt_manager.o
LOAD ./KSDK/platform/system/clock/MK64F12/fsl_clock_K64F12.o
LOAD ./KSDK/platform/system/clock/fsl_clock_manager.o
LOAD ./KSDK/platform/startup/MK64F12/system_MK64F12.o
LOAD ./KSDK/platform/osa/src/fsl_os_abstraction_ucosiii.o
LOAD ./KSDK/platform/hal/uart/fsl_uart_hal.o
LOAD ./KSDK/platform/hal/sim/MK64F12/fsl_sim_hal_K64F12.o
LOAD ./KSDK/platform/hal/sim/fsl_sim_hal.o
LOAD ./KSDK/platform/hal/port/fsl_port_hal.o
LOAD ./KSDK/platform/hal/mcg/fsl_mcg_hal.o
LOAD ./KSDK/platform/hal/gpio/fsl_gpio_hal.o
LOAD ./KSDK/platform/drivers/uart/src/fsl_uart_driver.o
LOAD ./KSDK/platform/drivers/uart/common/fsl_uart_common.o
LOAD ./KSDK/platform/drivers/gpio/src/fsl_gpio_driver.o
LOAD ./KSDK/platform/drivers/gpio/common/fsl_gpio_common.o
LOAD ./KSDK/boards/frdmk64f120m/gpio_pins.o
LOAD ./KSDK/boards/frdmk64f120m/hardware_init.o
LOAD ./KSDK/boards/frdmk64f120m/pin_mux.o
LOAD ./BSP/KSDK/KDS/startup_MK64F12.o
LOAD ./BSP/KSDK/startup.o
LOAD ./BSP/bsp_ser.o
LOAD ./BSP/cpu_bsp.o
LOAD ./APP/app.o
LOAD ./APP/os_app_hooks.o
LOAD /usr/lib/gcc/arm-none-eabi/6.2.0/../../../../arm-none-eabi/lib/armv7e-m/fpu/libm.a
START GROUP
LOAD /usr/lib/gcc/arm-none-eabi/6.2.0/armv7e-m/fpu/libgcc.a
LOAD /usr/lib/gcc/arm-none-eabi/6.2.0/../../../../arm-none-eabi/lib/armv7e-m/fpu/libg_nano.a
LOAD /usr/lib/gcc/arm-none-eabi/6.2.0/../../../../arm-none-eabi/lib/armv7e-m/fpu/libc_nano.a
END GROUP
START GROUP
LOAD /usr/lib/gcc/arm-none-eabi/6.2.0/armv7e-m/fpu/libgcc.a
LOAD /usr/lib/gcc/arm-none-eabi/6.2.0/../../../../arm-none-eabi/lib/armv7e-m/fpu/libc_nano.a
LOAD /usr/lib/gcc/arm-none-eabi/6.2.0/../../../../arm-none-eabi/lib/armv7e-m/fpu/libnosys.a
END GROUP
START GROUP
LOAD /usr/lib/gcc/arm-none-eabi/6.2.0/armv7e-m/fpu/libgcc.a
LOAD /usr/lib/gcc/arm-none-eabi/6.2.0/../../../../arm-none-eabi/lib/armv7e-m/fpu/libc_nano.a
LOAD /usr/lib/gcc/arm-none-eabi/6.2.0/../../../../arm-none-eabi/lib/armv7e-m/fpu/libnosys.a
END GROUP
LOAD /usr/lib/gcc/arm-none-eabi/6.2.0/armv7e-m/fpu/crtend.o
LOAD /usr/lib/gcc/arm-none-eabi/6.2.0/armv7e-m/fpu/crtn.o
                0x0000000000008000                HEAP_SIZE = DEFINED (__heap_size__)?__heap_size__:0x8000
                0x0000000000004000                STACK_SIZE = DEFINED (__stack_size__)?__stack_size__:0x4000

.interrupts     0x0000000000000000      0x400
                0x0000000000000000                __VECTOR_TABLE = .
                0x0000000000000000                . = ALIGN (0x4)
 *(.isr_vector)
 .isr_vector    0x0000000000000000      0x400 ./BSP/KSDK/KDS/startup_MK64F12.o
                0x0000000000000000                __isr_vector
                0x0000000000000400                . = ALIGN (0x4)
                0x000000001fff0000                __VECTOR_RAM = ORIGIN (m_interrupts_ram)

.flash_config   0x0000000000000400       0x10
                0x0000000000000400                . = ALIGN (0x4)
 *(.FlashConfig)
 .FlashConfig   0x0000000000000400       0x10 ./BSP/KSDK/KDS/startup_MK64F12.o
                0x0000000000000410                . = ALIGN (0x4)

.text           0x0000000000000410     0xcee0
                0x0000000000000410                . = ALIGN (0x4)
 *(.text)
 .text          0x0000000000000410       0x68 /usr/lib/gcc/arm-none-eabi/6.2.0/../../../../arm-none-eabi/lib/armv7e-m/fpu/crt0.o
                0x0000000000000410                _mainCRTStartup
                0x0000000000000410                _start
 .text          0x0000000000000478       0xfc ./uCOS-III/Ports/ARM-Cortex-M4/Generic/GNU/os_cpu_a.o
                0x0000000000000478                OS_CPU_FP_Reg_Push
                0x000000000000048a                OS_CPU_FP_Reg_Pop
                0x0000000000000496                OSStartHighRdy
                0x0000000000000506                OSCtxSw
                0x000000000000050e                OSIntCtxSw
                0x0000000000000516                PendSV_Handler
 .text          0x0000000000000574       0x34 ./uC-CPU/ARM-Cortex-M4/GNU/cpu_a.o
                0x0000000000000574                CPU_IntDis
                0x0000000000000578                CPU_IntEn
                0x000000000000057c                CPU_SR_Save
                0x0000000000000584                CPU_SR_Restore
                0x000000000000058a                CPU_WaitForInt
                0x000000000000058e                CPU_WaitForExcept
                0x0000000000000592                CPU_CntLeadZeros
                0x0000000000000598                CPU_CntTrailZeros
                0x00000000000005a2                CPU_RevBits
 .text          0x00000000000005a8       0x3c ./BSP/KSDK/KDS/startup_MK64F12.o
                0x00000000000005a8                Reset_Handler
                0x00000000000005e0                CAN0_Rx_Warning_IRQHandler
                0x00000000000005e0                DebugMon_Handler
                0x00000000000005e0                I2C0_IRQHandler
                0x00000000000005e0                HardFault_Handler
                0x00000000000005e0                UART3_RX_TX_IRQHandler
                0x00000000000005e0                NMI_Handler
                0x00000000000005e0                UART0_RX_TX_IRQHandler
                0x00000000000005e0                I2C1_IRQHandler
                0x00000000000005e0                DMA2_IRQHandler
                0x00000000000005e0                ENET_Error_IRQHandler
                0x00000000000005e0                CAN0_Tx_Warning_IRQHandler
                0x00000000000005e0                PIT0_IRQHandler
                0x00000000000005e0                CAN0_ORed_Message_buffer_IRQHandler
                0x00000000000005e0                Watchdog_IRQHandler
                0x00000000000005e0                CMP2_IRQHandler
                0x00000000000005e0                ENET_Receive_IRQHandler
                0x00000000000005e0                ENET_1588_Timer_IRQHandler
                0x00000000000005e0                UART2_RX_TX_IRQHandler
                0x00000000000005e0                SWI_IRQHandler
                0x00000000000005e0                ADC0_IRQHandler
                0x00000000000005e0                UsageFault_Handler
                0x00000000000005e0                I2S0_Tx_IRQHandler
                0x00000000000005e0                CMT_IRQHandler
                0x00000000000005e0                UART4_RX_TX_IRQHandler
                0x00000000000005e0                SPI1_IRQHandler
                0x00000000000005e0                DefaultISR
                0x00000000000005e0                DMA9_IRQHandler
                0x00000000000005e0                DMA14_IRQHandler
                0x00000000000005e0                CMP1_IRQHandler
                0x00000000000005e0                Reserved71_IRQHandler
                0x00000000000005e0                PORTD_IRQHandler
                0x00000000000005e0                PORTB_IRQHandler
                0x00000000000005e0                UART4_ERR_IRQHandler
                0x00000000000005e0                ADC1_IRQHandler
                0x00000000000005e0                I2C2_IRQHandler
                0x00000000000005e0                PIT2_IRQHandler
                0x00000000000005e0                I2S0_Rx_IRQHandler
                0x00000000000005e0                LPTimer_IRQHandler
                0x00000000000005e0                DMA5_IRQHandler
                0x00000000000005e0                RTC_IRQHandler
                0x00000000000005e0                PDB0_IRQHandler
                0x00000000000005e0                FTM1_IRQHandler
                0x00000000000005e0                UART5_RX_TX_IRQHandler
                0x00000000000005e0                UART3_ERR_IRQHandler
                0x00000000000005e0                PIT3_IRQHandler
                0x00000000000005e0                SDHC_IRQHandler
                0x00000000000005e0                RTC_Seconds_IRQHandler
                0x00000000000005e0                MCG_IRQHandler
                0x00000000000005e0                FTFE_IRQHandler
                0x00000000000005e0                UART2_ERR_IRQHandler
                0x00000000000005e0                DMA11_IRQHandler
                0x00000000000005e0                UART5_ERR_IRQHandler
                0x00000000000005e0                Read_Collision_IRQHandler
                0x00000000000005e0                Default_Handler
                0x00000000000005e0                DMA7_IRQHandler
                0x00000000000005e0                ENET_Transmit_IRQHandler
                0x00000000000005e0                USBDCD_IRQHandler
                0x00000000000005e0                USB0_IRQHandler
                0x00000000000005e0                LLW_IRQHandler
                0x00000000000005e0                SPI2_IRQHandler
                0x00000000000005e0                MemManage_Handler
                0x00000000000005e0                SVC_Handler
                0x00000000000005e0                DMA13_IRQHandler
                0x00000000000005e0                DMA3_IRQHandler
                0x00000000000005e0                UART0_LON_IRQHandler
                0x00000000000005e0                RNG_IRQHandler
                0x00000000000005e0                DMA0_IRQHandler
                0x00000000000005e0                DMA15_IRQHandler
                0x00000000000005e0                DAC0_IRQHandler
                0x00000000000005e0                CAN0_Error_IRQHandler
                0x00000000000005e0                DMA4_IRQHandler
                0x00000000000005e0                PIT1_IRQHandler
                0x00000000000005e0                UART0_ERR_IRQHandler
                0x00000000000005e0                DMA_Error_IRQHandler
                0x00000000000005e0                LVD_LVW_IRQHandler
                0x00000000000005e0                SPI0_IRQHandler
                0x00000000000005e0                FTM0_IRQHandler
                0x00000000000005e0                PORTA_IRQHandler
                0x00000000000005e0                DAC1_IRQHandler
                0x00000000000005e0                MCM_IRQHandler
                0x00000000000005e0                DMA12_IRQHandler
                0x00000000000005e0                CAN0_Bus_Off_IRQHandler
                0x00000000000005e0                FTM3_IRQHandler
                0x00000000000005e0                PORTE_IRQHandler
                0x00000000000005e0                FTM2_IRQHandler
                0x00000000000005e0                BusFault_Handler
                0x00000000000005e0                DMA8_IRQHandler
                0x00000000000005e0                DMA10_IRQHandler
                0x00000000000005e0                CAN0_Wake_Up_IRQHandler
                0x00000000000005e0                UART1_ERR_IRQHandler
                0x00000000000005e0                UART1_RX_TX_IRQHandler
                0x00000000000005e0                CMP0_IRQHandler
                0x00000000000005e0                PORTC_IRQHandler
                0x00000000000005e0                DMA6_IRQHandler
                0x00000000000005e0                DMA1_IRQHandler
 .text          0x00000000000005e4      0x370 /usr/lib/gcc/arm-none-eabi/6.2.0/armv7e-m/fpu/libgcc.a(_arm_addsubdf3.o)
                0x00000000000005e4                __aeabi_drsub
                0x00000000000005ec                __aeabi_dsub
                0x00000000000005ec                __subdf3
                0x00000000000005f0                __adddf3
                0x00000000000005f0                __aeabi_dadd
                0x0000000000000868                __aeabi_ui2d
                0x0000000000000868                __floatunsidf
                0x0000000000000888                __floatsidf
                0x0000000000000888                __aeabi_i2d
                0x00000000000008ac                __extendsfdf2
                0x00000000000008ac                __aeabi_f2d
                0x00000000000008e8                __aeabi_ul2d
                0x00000000000008e8                __floatundidf
                0x00000000000008f8                __floatdidf
                0x00000000000008f8                __aeabi_l2d
 .text          0x0000000000000954      0x424 /usr/lib/gcc/arm-none-eabi/6.2.0/armv7e-m/fpu/libgcc.a(_arm_muldivdf3.o)
                0x0000000000000954                __aeabi_dmul
                0x0000000000000954                __muldf3
                0x0000000000000ba8                __aeabi_ddiv
                0x0000000000000ba8                __divdf3
 .text          0x0000000000000d78      0x110 /usr/lib/gcc/arm-none-eabi/6.2.0/armv7e-m/fpu/libgcc.a(_arm_cmpdf2.o)
                0x0000000000000d78                __gtdf2
                0x0000000000000d78                __gedf2
                0x0000000000000d80                __ltdf2
                0x0000000000000d80                __ledf2
                0x0000000000000d88                __cmpdf2
                0x0000000000000d88                __eqdf2
                0x0000000000000d88                __nedf2
                0x0000000000000e04                __aeabi_cdrcmple
                0x0000000000000e14                __aeabi_cdcmple
                0x0000000000000e14                __aeabi_cdcmpeq
                0x0000000000000e24                __aeabi_dcmpeq
                0x0000000000000e38                __aeabi_dcmplt
                0x0000000000000e4c                __aeabi_dcmple
                0x0000000000000e60                __aeabi_dcmpge
                0x0000000000000e74                __aeabi_dcmpgt
 .text          0x0000000000000e88       0x50 /usr/lib/gcc/arm-none-eabi/6.2.0/armv7e-m/fpu/libgcc.a(_arm_fixdfsi.o)
                0x0000000000000e88                __fixdfsi
                0x0000000000000e88                __aeabi_d2iz
 .text          0x0000000000000ed8       0xa0 /usr/lib/gcc/arm-none-eabi/6.2.0/armv7e-m/fpu/libgcc.a(_arm_truncdfsf2.o)
                0x0000000000000ed8                __aeabi_d2f
                0x0000000000000ed8                __truncdfsf2
 *fill*         0x0000000000000f78        0x8 
 .text          0x0000000000000f80       0xa0 /usr/lib/gcc/arm-none-eabi/6.2.0/../../../../arm-none-eabi/lib/armv7e-m/fpu/libg_nano.a(lib_a-memchr.o)
                0x0000000000000f80                memchr
 *(.text*)
 .text.__do_global_dtors_aux
                0x0000000000001020       0x24 /usr/lib/gcc/arm-none-eabi/6.2.0/armv7e-m/fpu/crtbegin.o
 .text.frame_dummy
                0x0000000000001044       0x34 /usr/lib/gcc/arm-none-eabi/6.2.0/armv7e-m/fpu/crtbegin.o
 .text.OSCfg_Init
                0x0000000000001078        0xc ./uCOS-III/Source/os_cfg_app.o
                0x0000000000001078                OSCfg_Init
 .text.OSInit   0x0000000000001084      0x1d4 ./uCOS-III/Source/os_core.o
                0x0000000000001084                OSInit
 .text.OSIntEnter
                0x0000000000001258       0x34 ./uCOS-III/Source/os_core.o
                0x0000000000001258                OSIntEnter
 .text.OSIntExit
                0x000000000000128c       0xc0 ./uCOS-III/Source/os_core.o
                0x000000000000128c                OSIntExit
 .text.OSSched  0x000000000000134c       0x94 ./uCOS-III/Source/os_core.o
                0x000000000000134c                OSSched
 .text.OSSchedLock
                0x00000000000013e0       0x54 ./uCOS-III/Source/os_core.o
                0x00000000000013e0                OSSchedLock
 .text.OSSchedUnlock
                0x0000000000001434       0x70 ./uCOS-III/Source/os_core.o
                0x0000000000001434                OSSchedUnlock
 .text.OSSchedRoundRobinCfg
                0x00000000000014a4       0x64 ./uCOS-III/Source/os_core.o
                0x00000000000014a4                OSSchedRoundRobinCfg
 .text.OSStart  0x0000000000001508       0x80 ./uCOS-III/Source/os_core.o
                0x0000000000001508                OSStart
 .text.OS_IdleTask
                0x0000000000001588       0x34 ./uCOS-III/Source/os_core.o
                0x0000000000001588                OS_IdleTask
 .text.OS_IdleTaskInit
                0x00000000000015bc       0x68 ./uCOS-III/Source/os_core.o
                0x00000000000015bc                OS_IdleTaskInit
 .text.OS_Pend  0x0000000000001624       0x84 ./uCOS-III/Source/os_core.o
                0x0000000000001624                OS_Pend
 .text.OS_PendDataInit
                0x00000000000016a8       0x6c ./uCOS-III/Source/os_core.o
                0x00000000000016a8                OS_PendDataInit
 .text.OS_PendDbgNameAdd
                0x0000000000001714       0x7c ./uCOS-III/Source/os_core.o
                0x0000000000001714                OS_PendDbgNameAdd
 .text.OS_PendDbgNameRemove
                0x0000000000001790       0x48 ./uCOS-III/Source/os_core.o
                0x0000000000001790                OS_PendDbgNameRemove
 .text.OS_PendListChangePrio
                0x00000000000017d8       0x54 ./uCOS-III/Source/os_core.o
                0x00000000000017d8                OS_PendListChangePrio
 .text.OS_PendListInit
                0x000000000000182c       0x24 ./uCOS-III/Source/os_core.o
                0x000000000000182c                OS_PendListInit
 .text.OS_PendListInsertPrio
                0x0000000000001850       0xe4 ./uCOS-III/Source/os_core.o
                0x0000000000001850                OS_PendListInsertPrio
 .text.OS_PendListRemove
                0x0000000000001934       0x54 ./uCOS-III/Source/os_core.o
                0x0000000000001934                OS_PendListRemove
 .text.OS_PendListRemove1
                0x0000000000001988       0x94 ./uCOS-III/Source/os_core.o
                0x0000000000001988                OS_PendListRemove1
 .text.OS_Post  0x0000000000001a1c      0x12c ./uCOS-III/Source/os_core.o
                0x0000000000001a1c                OS_Post
 .text.OS_Post1
                0x0000000000001b48       0x60 ./uCOS-III/Source/os_core.o
                0x0000000000001b48                OS_Post1
 .text.OS_RdyListInit
                0x0000000000001ba8       0x48 ./uCOS-III/Source/os_core.o
                0x0000000000001ba8                OS_RdyListInit
 .text.OS_RdyListInsert
                0x0000000000001bf0       0x3c ./uCOS-III/Source/os_core.o
                0x0000000000001bf0                OS_RdyListInsert
 .text.OS_RdyListInsertHead
                0x0000000000001c2c       0x80 ./uCOS-III/Source/os_core.o
                0x0000000000001c2c                OS_RdyListInsertHead
 .text.OS_RdyListInsertTail
                0x0000000000001cac       0x80 ./uCOS-III/Source/os_core.o
                0x0000000000001cac                OS_RdyListInsertTail
 .text.OS_RdyListMoveHeadToTail
                0x0000000000001d2c       0x90 ./uCOS-III/Source/os_core.o
                0x0000000000001d2c                OS_RdyListMoveHeadToTail
 .text.OS_RdyListRemove
                0x0000000000001dbc       0xac ./uCOS-III/Source/os_core.o
                0x0000000000001dbc                OS_RdyListRemove
 .text.OS_SchedRoundRobin
                0x0000000000001e68       0xb4 ./uCOS-III/Source/os_core.o
                0x0000000000001e68                OS_SchedRoundRobin
 .text.OS_TaskBlock
                0x0000000000001f1c       0x3c ./uCOS-III/Source/os_core.o
                0x0000000000001f1c                OS_TaskBlock
 .text.OS_Dbg_Init
                0x0000000000001f58      0x238 ./uCOS-III/Source/os_dbg.o
                0x0000000000001f58                OS_Dbg_Init
 .text.OSFlagCreate
                0x0000000000002190       0x60 ./uCOS-III/Source/os_flag.o
                0x0000000000002190                OSFlagCreate
 .text.OSFlagPend
                0x00000000000021f0      0x420 ./uCOS-III/Source/os_flag.o
                0x00000000000021f0                OSFlagPend
 .text.OSFlagPost
                0x0000000000002610       0x34 ./uCOS-III/Source/os_flag.o
                0x0000000000002610                OSFlagPost
 .text.OS_FlagBlock
                0x0000000000002644       0x44 ./uCOS-III/Source/os_flag.o
                0x0000000000002644                OS_FlagBlock
 .text.OS_FlagInit
                0x0000000000002688       0x2c ./uCOS-III/Source/os_flag.o
                0x0000000000002688                OS_FlagInit
 .text.OS_FlagDbgListAdd
                0x00000000000026b4       0x4c ./uCOS-III/Source/os_flag.o
                0x00000000000026b4                OS_FlagDbgListAdd
 .text.OS_FlagPost
                0x0000000000002700      0x1c8 ./uCOS-III/Source/os_flag.o
                0x0000000000002700                OS_FlagPost
 .text.OS_FlagTaskRdy
                0x00000000000028c8       0x94 ./uCOS-III/Source/os_flag.o
                0x00000000000028c8                OS_FlagTaskRdy
 .text.OS_MemInit
                0x000000000000295c       0x2c ./uCOS-III/Source/os_mem.o
                0x000000000000295c                OS_MemInit
 .text.OS_MsgPoolInit
                0x0000000000002988       0xac ./uCOS-III/Source/os_msg.o
                0x0000000000002988                OS_MsgPoolInit
 .text.OS_MsgQFreeAll
                0x0000000000002a34       0x78 ./uCOS-III/Source/os_msg.o
                0x0000000000002a34                OS_MsgQFreeAll
 .text.OS_MsgQInit
                0x0000000000002aac       0x34 ./uCOS-III/Source/os_msg.o
                0x0000000000002aac                OS_MsgQInit
 .text.OS_MsgQGet
                0x0000000000002ae0       0xc0 ./uCOS-III/Source/os_msg.o
                0x0000000000002ae0                OS_MsgQGet
 .text.OS_MsgQPut
                0x0000000000002ba0      0x10c ./uCOS-III/Source/os_msg.o
                0x0000000000002ba0                OS_MsgQPut
 .text.OSMutexCreate
                0x0000000000002cac       0x6c ./uCOS-III/Source/os_mutex.o
                0x0000000000002cac                OSMutexCreate
 .text.OSMutexPend
                0x0000000000002d18      0x1ac ./uCOS-III/Source/os_mutex.o
                0x0000000000002d18                OSMutexPend
 .text.OSMutexPost
                0x0000000000002ec4      0x154 ./uCOS-III/Source/os_mutex.o
                0x0000000000002ec4                OSMutexPost
 .text.OS_MutexDbgListAdd
                0x0000000000003018       0x4c ./uCOS-III/Source/os_mutex.o
                0x0000000000003018                OS_MutexDbgListAdd
 .text.OS_MutexInit
                0x0000000000003064       0x2c ./uCOS-III/Source/os_mutex.o
                0x0000000000003064                OS_MutexInit
 .text.OS_MutexGrpAdd
                0x0000000000003090       0x24 ./uCOS-III/Source/os_mutex.o
                0x0000000000003090                OS_MutexGrpAdd
 .text.OS_MutexGrpRemove
                0x00000000000030b4       0x38 ./uCOS-III/Source/os_mutex.o
                0x00000000000030b4                OS_MutexGrpRemove
 .text.OS_MutexGrpPrioFindHighest
                0x00000000000030ec       0x58 ./uCOS-III/Source/os_mutex.o
                0x00000000000030ec                OS_MutexGrpPrioFindHighest
 .text.OS_MutexGrpPostAll
                0x0000000000003144       0x84 ./uCOS-III/Source/os_mutex.o
                0x0000000000003144                OS_MutexGrpPostAll
 .text.OS_PrioInit
                0x00000000000031c8       0x30 ./uCOS-III/Source/os_prio.o
                0x00000000000031c8                OS_PrioInit
 .text.OS_PrioGetHighest
                0x00000000000031f8       0x48 ./uCOS-III/Source/os_prio.o
                0x00000000000031f8                OS_PrioGetHighest
 .text.OS_PrioInsert
                0x0000000000003240       0x4c ./uCOS-III/Source/os_prio.o
                0x0000000000003240                OS_PrioInsert
 .text.OS_PrioRemove
                0x000000000000328c       0x50 ./uCOS-III/Source/os_prio.o
                0x000000000000328c                OS_PrioRemove
 .text.OSQCreate
                0x00000000000032dc       0x64 ./uCOS-III/Source/os_q.o
                0x00000000000032dc                OSQCreate
 .text.OSQPend  0x0000000000003340      0x170 ./uCOS-III/Source/os_q.o
                0x0000000000003340                OSQPend
 .text.OSQPost  0x00000000000034b0       0x2c ./uCOS-III/Source/os_q.o
                0x00000000000034b0                OSQPost
 .text.OS_QDbgListAdd
                0x00000000000034dc       0x4c ./uCOS-III/Source/os_q.o
                0x00000000000034dc                OS_QDbgListAdd
 .text.OS_QInit
                0x0000000000003528       0x2c ./uCOS-III/Source/os_q.o
                0x0000000000003528                OS_QInit
 .text.OS_QPost
                0x0000000000003554       0xbc ./uCOS-III/Source/os_q.o
                0x0000000000003554                OS_QPost
 .text.OSSemCreate
                0x0000000000003610       0x60 ./uCOS-III/Source/os_sem.o
                0x0000000000003610                OSSemCreate
 .text.OSSemPend
                0x0000000000003670      0x158 ./uCOS-III/Source/os_sem.o
                0x0000000000003670                OSSemPend
 .text.OSSemPost
                0x00000000000037c8       0x2c ./uCOS-III/Source/os_sem.o
                0x00000000000037c8                OSSemPost
 .text.OS_SemDbgListAdd
                0x00000000000037f4       0x4c ./uCOS-III/Source/os_sem.o
                0x00000000000037f4                OS_SemDbgListAdd
 .text.OS_SemInit
                0x0000000000003840       0x2c ./uCOS-III/Source/os_sem.o
                0x0000000000003840                OS_SemInit
 .text.OS_SemPost
                0x000000000000386c       0xd4 ./uCOS-III/Source/os_sem.o
                0x000000000000386c                OS_SemPost
 .text.OSStatReset
                0x0000000000003940      0x100 ./uCOS-III/Source/os_stat.o
                0x0000000000003940                OSStatReset
 .text.OSStatTaskCPUUsageInit
                0x0000000000003a40       0xf0 ./uCOS-III/Source/os_stat.o
                0x0000000000003a40                OSStatTaskCPUUsageInit
 .text.OS_StatTask
                0x0000000000003b30      0x2f4 ./uCOS-III/Source/os_stat.o
                0x0000000000003b30                OS_StatTask
 .text.OS_StatTaskInit
                0x0000000000003e24       0xd4 ./uCOS-III/Source/os_stat.o
                0x0000000000003e24                OS_StatTaskInit
 .text.OSTaskCreate
                0x0000000000003ef8      0x184 ./uCOS-III/Source/os_task.o
                0x0000000000003ef8                OSTaskCreate
 .text.OSTaskDel
                0x000000000000407c      0x1b4 ./uCOS-III/Source/os_task.o
                0x000000000000407c                OSTaskDel
 .text.OSTaskResume
                0x0000000000004230       0x20 ./uCOS-III/Source/os_task.o
                0x0000000000004230                OSTaskResume
 .text.OSTaskSemPend
                0x0000000000004250      0x190 ./uCOS-III/Source/os_task.o
                0x0000000000004250                OSTaskSemPend
 .text.OSTaskSemPost
                0x00000000000043e0       0x2c ./uCOS-III/Source/os_task.o
                0x00000000000043e0                OSTaskSemPost
 .text.OSTaskStkChk
                0x000000000000440c       0xb0 ./uCOS-III/Source/os_task.o
                0x000000000000440c                OSTaskStkChk
 .text.OSTaskSuspend
                0x00000000000044bc       0x30 ./uCOS-III/Source/os_task.o
                0x00000000000044bc                OSTaskSuspend
 .text.OS_TaskDbgListAdd
                0x00000000000044ec       0x4c ./uCOS-III/Source/os_task.o
                0x00000000000044ec                OS_TaskDbgListAdd
 .text.OS_TaskDbgListRemove
                0x0000000000004538       0x84 ./uCOS-III/Source/os_task.o
                0x0000000000004538                OS_TaskDbgListRemove
 .text.OS_TaskInit
                0x00000000000045bc       0x38 ./uCOS-III/Source/os_task.o
                0x00000000000045bc                OS_TaskInit
 .text.OS_TaskInitTCB
                0x00000000000045f4      0x19c ./uCOS-III/Source/os_task.o
                0x00000000000045f4                OS_TaskInitTCB
 .text.OS_TaskResume
                0x0000000000004790      0x110 ./uCOS-III/Source/os_task.o
                0x0000000000004790                OS_TaskResume
 .text.OS_TaskReturn
                0x00000000000048a0       0x24 ./uCOS-III/Source/os_task.o
                0x00000000000048a0                OS_TaskReturn
 .text.OS_TaskSemPost
                0x00000000000048c4      0x114 ./uCOS-III/Source/os_task.o
                0x00000000000048c4                OS_TaskSemPost
 .text.OS_TaskSuspend
                0x00000000000049d8      0x104 ./uCOS-III/Source/os_task.o
                0x00000000000049d8                OS_TaskSuspend
 .text.OS_TaskChangePrio
                0x0000000000004adc      0x144 ./uCOS-III/Source/os_task.o
                0x0000000000004adc                OS_TaskChangePrio
 .text.OS_TickTask
                0x0000000000004c20       0x60 ./uCOS-III/Source/os_tick.o
                0x0000000000004c20                OS_TickTask
 .text.OS_TickTaskInit
                0x0000000000004c80       0xd8 ./uCOS-III/Source/os_tick.o
                0x0000000000004c80                OS_TickTaskInit
 .text.OS_TickListInsert
                0x0000000000004d58      0x130 ./uCOS-III/Source/os_tick.o
                0x0000000000004d58                OS_TickListInsert
 .text.OS_TickListInsertDly
                0x0000000000004e88      0x108 ./uCOS-III/Source/os_tick.o
                0x0000000000004e88                OS_TickListInsertDly
 .text.OS_TickListRemove
                0x0000000000004f90       0xc8 ./uCOS-III/Source/os_tick.o
                0x0000000000004f90                OS_TickListRemove
 .text.OS_TickListResetPeak
                0x0000000000005058        0xc ./uCOS-III/Source/os_tick.o
                0x0000000000005058                OS_TickListResetPeak
 .text.OS_TickListUpdateDly
                0x0000000000005064       0xb4 ./uCOS-III/Source/os_tick.o
 .text.OS_TickListUpdateTimeout
                0x0000000000005118      0x150 ./uCOS-III/Source/os_tick.o
 .text.OSTimeDly
                0x0000000000005268       0xb8 ./uCOS-III/Source/os_time.o
                0x0000000000005268                OSTimeDly
 .text.OSTimeDlyHMSM
                0x0000000000005320      0x138 ./uCOS-III/Source/os_time.o
                0x0000000000005320                OSTimeDlyHMSM
 .text.OSTimeTick
                0x0000000000005458       0x74 ./uCOS-III/Source/os_time.o
                0x0000000000005458                OSTimeTick
 .text.OS_TmrInit
                0x00000000000054cc      0x134 ./uCOS-III/Source/os_tmr.o
                0x00000000000054cc                OS_TmrInit
 .text.OS_TmrResetPeak
                0x0000000000005600        0xc ./uCOS-III/Source/os_tmr.o
                0x0000000000005600                OS_TmrResetPeak
 .text.OS_TmrUnlink
                0x000000000000560c       0x7c ./uCOS-III/Source/os_tmr.o
                0x000000000000560c                OS_TmrUnlink
 .text.OS_TmrTask
                0x0000000000005688       0xcc ./uCOS-III/Source/os_tmr.o
                0x0000000000005688                OS_TmrTask
 .text.OS_TmrLock
                0x0000000000005754       0x20 ./uCOS-III/Source/os_tmr.o
 .text.OS_TmrUnlock
                0x0000000000005774       0x1c ./uCOS-III/Source/os_tmr.o
 .text.OSIdleTaskHook
                0x0000000000005790       0x18 ./uCOS-III/Ports/ARM-Cortex-M4/Generic/GNU/os_cpu_c.o
                0x0000000000005790                OSIdleTaskHook
 .text.OSInitHook
                0x00000000000057a8       0x38 ./uCOS-III/Ports/ARM-Cortex-M4/Generic/GNU/os_cpu_c.o
                0x00000000000057a8                OSInitHook
 .text.OSStatTaskHook
                0x00000000000057e0       0x18 ./uCOS-III/Ports/ARM-Cortex-M4/Generic/GNU/os_cpu_c.o
                0x00000000000057e0                OSStatTaskHook
 .text.OSTaskCreateHook
                0x00000000000057f8       0x24 ./uCOS-III/Ports/ARM-Cortex-M4/Generic/GNU/os_cpu_c.o
                0x00000000000057f8                OSTaskCreateHook
 .text.OSTaskDelHook
                0x000000000000581c       0x24 ./uCOS-III/Ports/ARM-Cortex-M4/Generic/GNU/os_cpu_c.o
                0x000000000000581c                OSTaskDelHook
 .text.OSTaskReturnHook
                0x0000000000005840       0x24 ./uCOS-III/Ports/ARM-Cortex-M4/Generic/GNU/os_cpu_c.o
                0x0000000000005840                OSTaskReturnHook
 .text.OSTaskStkInit
                0x0000000000005864      0x34c ./uCOS-III/Ports/ARM-Cortex-M4/Generic/GNU/os_cpu_c.o
                0x0000000000005864                OSTaskStkInit
 .text.OSTaskSwHook
                0x0000000000005bb0       0xa8 ./uCOS-III/Ports/ARM-Cortex-M4/Generic/GNU/os_cpu_c.o
                0x0000000000005bb0                OSTaskSwHook
 .text.OSTimeTickHook
                0x0000000000005c58       0x18 ./uCOS-III/Ports/ARM-Cortex-M4/Generic/GNU/os_cpu_c.o
                0x0000000000005c58                OSTimeTickHook
 .text.SysTick_Handler
                0x0000000000005c70       0x1c ./uCOS-III/Ports/ARM-Cortex-M4/Generic/GNU/os_cpu_c.o
                0x0000000000005c70                SysTick_Handler
 .text.OS_CPU_SysTickInit
                0x0000000000005c8c       0x54 ./uCOS-III/Ports/ARM-Cortex-M4/Generic/GNU/os_cpu_c.o
                0x0000000000005c8c                OS_CPU_SysTickInit
 .text.Math_Init
                0x0000000000005ce0        0xc ./uC-LIB/lib_math.o
                0x0000000000005ce0                Math_Init
 .text.Math_RandSetSeed
                0x0000000000005cec       0x20 ./uC-LIB/lib_math.o
                0x0000000000005cec                Math_RandSetSeed
 .text.Math_Rand
                0x0000000000005d0c       0x30 ./uC-LIB/lib_math.o
                0x0000000000005d0c                Math_Rand
 .text.Math_RandSeed
                0x0000000000005d3c       0x30 ./uC-LIB/lib_math.o
                0x0000000000005d3c                Math_RandSeed
 .text.Mem_Init
                0x0000000000005d6c       0x4c ./uC-LIB/lib_mem.o
                0x0000000000005d6c                Mem_Init
 .text.Mem_Clr  0x0000000000005db8       0x1c ./uC-LIB/lib_mem.o
                0x0000000000005db8                Mem_Clr
 .text.Mem_Set  0x0000000000005dd4       0xb4 ./uC-LIB/lib_mem.o
                0x0000000000005dd4                Mem_Set
 .text.Mem_SegCreate
                0x0000000000005e88       0x34 ./uC-LIB/lib_mem.o
                0x0000000000005e88                Mem_SegCreate
 .text.Mem_SegCreateCritical
                0x0000000000005ebc       0x48 ./uC-LIB/lib_mem.o
 .text.Str_Len  0x0000000000005f04       0x20 ./uC-LIB/lib_str.o
                0x0000000000005f04                Str_Len
 .text.Str_Len_N
                0x0000000000005f24       0x44 ./uC-LIB/lib_str.o
                0x0000000000005f24                Str_Len_N
 .text.Str_Copy_N
                0x0000000000005f68       0x90 ./uC-LIB/lib_str.o
                0x0000000000005f68                Str_Copy_N
 .text.CPU_Init
                0x0000000000005ff8       0x10 ./uC-CPU/cpu_core.o
                0x0000000000005ff8                CPU_Init
 .text.CPU_SW_Exception
                0x0000000000006008        0x8 ./uC-CPU/cpu_core.o
                0x0000000000006008                CPU_SW_Exception
 .text.CPU_NameClr
                0x0000000000006010       0x1c ./uC-CPU/cpu_core.o
                0x0000000000006010                CPU_NameClr
 .text.CPU_NameSet
                0x000000000000602c       0x60 ./uC-CPU/cpu_core.o
                0x000000000000602c                CPU_NameSet
 .text.CPU_TS_TmrFreqSet
                0x000000000000608c       0x1c ./uC-CPU/cpu_core.o
                0x000000000000608c                CPU_TS_TmrFreqSet
 .text.CPU_NameInit
                0x00000000000060a8        0xc ./uC-CPU/cpu_core.o
 .text.CPU_TS_Init
                0x00000000000060b4       0x14 ./uC-CPU/cpu_core.o
 .text.INT_SYS_InstallHandler
                0x00000000000060c8       0x60 ./KSDK/platform/system/interrupt/src/fsl_interrupt_manager.o
                0x00000000000060c8                INT_SYS_InstallHandler
 .text.INT_SYS_EnableIRQGlobal
                0x0000000000006128       0x30 ./KSDK/platform/system/interrupt/src/fsl_interrupt_manager.o
                0x0000000000006128                INT_SYS_EnableIRQGlobal
 .text.INT_SYS_DisableIRQGlobal
                0x0000000000006158       0x1c ./KSDK/platform/system/interrupt/src/fsl_interrupt_manager.o
                0x0000000000006158                INT_SYS_DisableIRQGlobal
 .text.CLOCK_SYS_GetUartFreq
                0x0000000000006174       0x58 ./KSDK/platform/system/clock/MK64F12/fsl_clock_K64F12.o
                0x0000000000006174                CLOCK_SYS_GetUartFreq
 .text.CLOCK_SYS_GetSysClkFreq
                0x00000000000061cc       0x8c ./KSDK/platform/system/clock/fsl_clock_manager.o
                0x00000000000061cc                CLOCK_SYS_GetSysClkFreq
 .text.CLOCK_SYS_GetFreq
                0x0000000000006258      0x164 ./KSDK/platform/system/clock/fsl_clock_manager.o
                0x0000000000006258                CLOCK_SYS_GetFreq
 .text.SystemInit
                0x00000000000063bc      0x1f4 ./KSDK/platform/startup/MK64F12/system_MK64F12.o
                0x00000000000063bc                SystemInit
 .text.wait_timeout_msec_to_tick
                0x00000000000065b0       0x58 ./KSDK/platform/osa/src/fsl_os_abstraction_ucosiii.o
 .text.OSA_SemaCreate
                0x0000000000006608       0x34 ./KSDK/platform/osa/src/fsl_os_abstraction_ucosiii.o
                0x0000000000006608                OSA_SemaCreate
 .text.OSA_SemaWait
                0x000000000000663c       0x6c ./KSDK/platform/osa/src/fsl_os_abstraction_ucosiii.o
                0x000000000000663c                OSA_SemaWait
 .text.OSA_SemaPost
                0x00000000000066a8       0x2c ./KSDK/platform/osa/src/fsl_os_abstraction_ucosiii.o
                0x00000000000066a8                OSA_SemaPost
 .text.OSA_Init
                0x00000000000066d4       0x48 ./KSDK/platform/osa/src/fsl_os_abstraction_ucosiii.o
                0x00000000000066d4                OSA_Init
 .text.OSA_Start
                0x000000000000671c       0x24 ./KSDK/platform/osa/src/fsl_os_abstraction_ucosiii.o
                0x000000000000671c                OSA_Start
 .text.UART_HAL_Init
                0x0000000000006740       0x98 ./KSDK/platform/hal/uart/fsl_uart_hal.o
                0x0000000000006740                UART_HAL_Init
 .text.UART_HAL_SetBaudRate
                0x00000000000067d8       0xa4 ./KSDK/platform/hal/uart/fsl_uart_hal.o
                0x00000000000067d8                UART_HAL_SetBaudRate
 .text.UART_HAL_Putchar
                0x000000000000687c       0x24 ./KSDK/platform/hal/uart/fsl_uart_hal.o
                0x000000000000687c                UART_HAL_Putchar
 .text.UART_HAL_Getchar
                0x00000000000068a0       0x28 ./KSDK/platform/hal/uart/fsl_uart_hal.o
                0x00000000000068a0                UART_HAL_Getchar
 .text.UART_HAL_SetTxFifoCmd
                0x00000000000068c8       0x5c ./KSDK/platform/hal/uart/fsl_uart_hal.o
                0x00000000000068c8                UART_HAL_SetTxFifoCmd
 .text.UART_HAL_SetRxFifoCmd
                0x0000000000006924       0x5c ./KSDK/platform/hal/uart/fsl_uart_hal.o
                0x0000000000006924                UART_HAL_SetRxFifoCmd
 .text.UART_HAL_FlushTxFifo
                0x0000000000006980       0x40 ./KSDK/platform/hal/uart/fsl_uart_hal.o
                0x0000000000006980                UART_HAL_FlushTxFifo
 .text.UART_HAL_FlushRxFifo
                0x00000000000069c0       0x40 ./KSDK/platform/hal/uart/fsl_uart_hal.o
                0x00000000000069c0                UART_HAL_FlushRxFifo
 .text.UART_HAL_SetTxFifoWatermark
                0x0000000000006a00       0x3c ./KSDK/platform/hal/uart/fsl_uart_hal.o
                0x0000000000006a00                UART_HAL_SetTxFifoWatermark
 .text.UART_HAL_SetRxFifoWatermark
                0x0000000000006a3c       0x3c ./KSDK/platform/hal/uart/fsl_uart_hal.o
                0x0000000000006a3c                UART_HAL_SetRxFifoWatermark
 .text.SIM_HAL_EnablePortClock
                0x0000000000006a78       0x8c ./KSDK/platform/hal/sim/MK64F12/fsl_sim_hal_K64F12.o
                0x0000000000006a78                SIM_HAL_EnablePortClock
 .text.SIM_HAL_EnableUartClock
                0x0000000000006b04       0xa4 ./KSDK/platform/hal/sim/MK64F12/fsl_sim_hal_K64F12.o
                0x0000000000006b04                SIM_HAL_EnableUartClock
 .text.CLOCK_HAL_GetDivider
                0x0000000000006ba8      0x12c ./KSDK/platform/hal/sim/fsl_sim_hal.o
                0x0000000000006ba8                CLOCK_HAL_GetDivider
 .text.CLOCK_HAL_GetClkSrcMode
                0x0000000000006cd4       0x20 ./KSDK/platform/hal/mcg/fsl_mcg_hal.o
 .text.CLOCK_HAL_GetFllExternalRefDivider
                0x0000000000006cf4       0x24 ./KSDK/platform/hal/mcg/fsl_mcg_hal.o
 .text.CLOCK_HAL_GetInternalRefSelMode
                0x0000000000006d18       0x24 ./KSDK/platform/hal/mcg/fsl_mcg_hal.o
 .text.CLOCK_HAL_GetRange0Mode
                0x0000000000006d3c       0x24 ./KSDK/platform/hal/mcg/fsl_mcg_hal.o
 .text.CLOCK_HAL_GetInternalRefClkSelMode
                0x0000000000006d60       0x24 ./KSDK/platform/hal/mcg/fsl_mcg_hal.o
 .text.CLOCK_HAL_GetDmx32
                0x0000000000006d84       0x24 ./KSDK/platform/hal/mcg/fsl_mcg_hal.o
 .text.CLOCK_HAL_GetDigitalControlledOscRangeMode
                0x0000000000006da8       0x24 ./KSDK/platform/hal/mcg/fsl_mcg_hal.o
 .text.CLOCK_HAL_GetPllExternalRefDivider0
                0x0000000000006dcc       0x20 ./KSDK/platform/hal/mcg/fsl_mcg_hal.o
 .text.CLOCK_HAL_GetPllSelMode
                0x0000000000006dec       0x24 ./KSDK/platform/hal/mcg/fsl_mcg_hal.o
 .text.CLOCK_HAL_GetVoltCtrlOscDivider0
                0x0000000000006e10       0x20 ./KSDK/platform/hal/mcg/fsl_mcg_hal.o
 .text.CLOCK_HAL_GetFastClkInternalRefDivider
                0x0000000000006e30       0x24 ./KSDK/platform/hal/mcg/fsl_mcg_hal.o
 .text.CLOCK_HAL_GetOscselMode
                0x0000000000006e54       0x20 ./KSDK/platform/hal/mcg/fsl_mcg_hal.o
 .text.CLOCK_HAL_GetFllRefClk
                0x0000000000006e74       0x9c ./KSDK/platform/hal/mcg/fsl_mcg_hal.o
                0x0000000000006e74                CLOCK_HAL_GetFllRefClk
 .text.CLOCK_HAL_GetFllClk
                0x0000000000006f10       0xf4 ./KSDK/platform/hal/mcg/fsl_mcg_hal.o
                0x0000000000006f10                CLOCK_HAL_GetFllClk
 .text.CLOCK_HAL_GetPll0Clk
                0x0000000000007004       0x7c ./KSDK/platform/hal/mcg/fsl_mcg_hal.o
                0x0000000000007004                CLOCK_HAL_GetPll0Clk
 .text.CLOCK_HAL_GetInternalRefClk
                0x0000000000007080       0x3c ./KSDK/platform/hal/mcg/fsl_mcg_hal.o
                0x0000000000007080                CLOCK_HAL_GetInternalRefClk
 .text.CLOCK_HAL_GetOutClk
                0x00000000000070bc       0xa8 ./KSDK/platform/hal/mcg/fsl_mcg_hal.o
                0x00000000000070bc                CLOCK_HAL_GetOutClk
 .text.GPIO_HAL_SetPinDir
                0x0000000000007164       0x68 ./KSDK/platform/hal/gpio/fsl_gpio_hal.o
                0x0000000000007164                GPIO_HAL_SetPinDir
 .text.GPIO_HAL_WritePinOutput
                0x00000000000071cc       0x54 ./KSDK/platform/hal/gpio/fsl_gpio_hal.o
                0x00000000000071cc                GPIO_HAL_WritePinOutput
 .text.NVIC_EnableIRQ
                0x0000000000007220       0x30 ./KSDK/platform/drivers/uart/src/fsl_uart_driver.o
 .text.UART_HAL_EnableTransmitter
                0x0000000000007250       0x24 ./KSDK/platform/drivers/uart/src/fsl_uart_driver.o
 .text.UART_HAL_EnableReceiver
                0x0000000000007274       0x24 ./KSDK/platform/drivers/uart/src/fsl_uart_driver.o
 .text.UART_HAL_SetBitCountPerChar
                0x0000000000007298       0x28 ./KSDK/platform/drivers/uart/src/fsl_uart_driver.o
 .text.UART_HAL_SetParityMode
                0x00000000000072c0       0x2c ./KSDK/platform/drivers/uart/src/fsl_uart_driver.o
 .text.UART_HAL_SetStopBitCount
                0x00000000000072ec       0x24 ./KSDK/platform/drivers/uart/src/fsl_uart_driver.o
 .text.UART_HAL_SetTxDataRegEmptyIntCmd
                0x0000000000007310       0x28 ./KSDK/platform/drivers/uart/src/fsl_uart_driver.o
 .text.UART_HAL_GetTxDataRegEmptyIntCmd
                0x0000000000007338       0x30 ./KSDK/platform/drivers/uart/src/fsl_uart_driver.o
 .text.UART_HAL_SetRxDataRegFullIntCmd
                0x0000000000007368       0x28 ./KSDK/platform/drivers/uart/src/fsl_uart_driver.o
 .text.UART_HAL_GetRxDataRegFullIntCmd
                0x0000000000007390       0x30 ./KSDK/platform/drivers/uart/src/fsl_uart_driver.o
 .text.UART_HAL_IsTxDataRegEmpty
                0x00000000000073c0       0x30 ./KSDK/platform/drivers/uart/src/fsl_uart_driver.o
 .text.UART_HAL_IsRxDataRegFull
                0x00000000000073f0       0x30 ./KSDK/platform/drivers/uart/src/fsl_uart_driver.o
 .text.UART_HAL_GetTxFifoSize
                0x0000000000007420       0x24 ./KSDK/platform/drivers/uart/src/fsl_uart_driver.o
 .text.UART_HAL_GetTxDatawordCountInFifo
                0x0000000000007444       0x1c ./KSDK/platform/drivers/uart/src/fsl_uart_driver.o
 .text.UART_HAL_GetRxDatawordCountInFifo
                0x0000000000007460       0x1c ./KSDK/platform/drivers/uart/src/fsl_uart_driver.o
 .text.CLOCK_SYS_EnableUartClock
                0x000000000000747c       0x20 ./KSDK/platform/drivers/uart/src/fsl_uart_driver.o
 .text.INT_SYS_EnableIRQ
                0x000000000000749c       0x54 ./KSDK/platform/drivers/uart/src/fsl_uart_driver.o
 .text.UART_DRV_Init
                0x00000000000074f0      0x170 ./KSDK/platform/drivers/uart/src/fsl_uart_driver.o
                0x00000000000074f0                UART_DRV_Init
 .text.UART_DRV_InstallRxCallback
                0x0000000000007660       0x54 ./KSDK/platform/drivers/uart/src/fsl_uart_driver.o
                0x0000000000007660                UART_DRV_InstallRxCallback
 .text.UART_DRV_CompleteSendData
                0x00000000000076b4       0x6c ./KSDK/platform/drivers/uart/src/fsl_uart_driver.o
 .text.UART_DRV_StartSendData
                0x0000000000007720       0xcc ./KSDK/platform/drivers/uart/src/fsl_uart_driver.o
 .text.UART_DRV_CompleteReceiveData
                0x00000000000077ec       0x6c ./KSDK/platform/drivers/uart/src/fsl_uart_driver.o
 .text.UART_DRV_SendDataBlocking
                0x0000000000007858       0xc0 ./KSDK/platform/drivers/uart/src/fsl_uart_driver.o
                0x0000000000007858                UART_DRV_SendDataBlocking
 .text.UART_DRV_AbortSendingData
                0x0000000000007918       0x5c ./KSDK/platform/drivers/uart/src/fsl_uart_driver.o
                0x0000000000007918                UART_DRV_AbortSendingData
 .text.UART_DRV_IRQHandler
                0x0000000000007974      0x140 ./KSDK/platform/drivers/uart/src/fsl_uart_driver.o
                0x0000000000007974                UART_DRV_IRQHandler
 .text.NVIC_EnableIRQ
                0x0000000000007ab4       0x30 ./KSDK/platform/drivers/gpio/src/fsl_gpio_driver.o
 .text.PORT_HAL_SetPullMode
                0x0000000000007ae4       0x44 ./KSDK/platform/drivers/gpio/src/fsl_gpio_driver.o
 .text.PORT_HAL_SetPullCmd
                0x0000000000007b28       0x48 ./KSDK/platform/drivers/gpio/src/fsl_gpio_driver.o
 .text.PORT_HAL_SetSlewRateMode
                0x0000000000007b70       0x48 ./KSDK/platform/drivers/gpio/src/fsl_gpio_driver.o
 .text.PORT_HAL_SetPassiveFilterCmd
                0x0000000000007bb8       0x48 ./KSDK/platform/drivers/gpio/src/fsl_gpio_driver.o
 .text.PORT_HAL_SetOpenDrainCmd
                0x0000000000007c00       0x48 ./KSDK/platform/drivers/gpio/src/fsl_gpio_driver.o
 .text.PORT_HAL_SetDriveStrengthMode
                0x0000000000007c48       0x48 ./KSDK/platform/drivers/gpio/src/fsl_gpio_driver.o
 .text.PORT_HAL_SetDigitalFilterCmd
                0x0000000000007c90       0x4c ./KSDK/platform/drivers/gpio/src/fsl_gpio_driver.o
 .text.PORT_HAL_SetPinIntMode
                0x0000000000007cdc       0x58 ./KSDK/platform/drivers/gpio/src/fsl_gpio_driver.o
 .text.GPIO_HAL_TogglePinOutput
                0x0000000000007d34       0x3c ./KSDK/platform/drivers/gpio/src/fsl_gpio_driver.o
 .text.CLOCK_SYS_EnablePortClock
                0x0000000000007d70       0x20 ./KSDK/platform/drivers/gpio/src/fsl_gpio_driver.o
 .text.INT_SYS_EnableIRQ
                0x0000000000007d90       0x54 ./KSDK/platform/drivers/gpio/src/fsl_gpio_driver.o
 .text.GPIO_DRV_Init
                0x0000000000007de4       0x50 ./KSDK/platform/drivers/gpio/src/fsl_gpio_driver.o
                0x0000000000007de4                GPIO_DRV_Init
 .text.GPIO_DRV_InputPinInit
                0x0000000000007e34       0xbc ./KSDK/platform/drivers/gpio/src/fsl_gpio_driver.o
                0x0000000000007e34                GPIO_DRV_InputPinInit
 .text.GPIO_DRV_OutputPinInit
                0x0000000000007ef0       0x84 ./KSDK/platform/drivers/gpio/src/fsl_gpio_driver.o
                0x0000000000007ef0                GPIO_DRV_OutputPinInit
 .text.GPIO_DRV_TogglePinOutput
                0x0000000000007f74       0x30 ./KSDK/platform/drivers/gpio/src/fsl_gpio_driver.o
                0x0000000000007f74                GPIO_DRV_TogglePinOutput
 .text.CLOCK_SYS_EnablePortClock
                0x0000000000007fa4       0x20 ./KSDK/boards/frdmk64f120m/hardware_init.o
 .text.hardware_init
                0x0000000000007fc4       0x64 ./KSDK/boards/frdmk64f120m/hardware_init.o
                0x0000000000007fc4                hardware_init
 .text.PORT_HAL_SetPullMode
                0x0000000000008028       0x44 ./KSDK/boards/frdmk64f120m/pin_mux.o
 .text.PORT_HAL_SetPullCmd
                0x000000000000806c       0x48 ./KSDK/boards/frdmk64f120m/pin_mux.o
 .text.PORT_HAL_SetSlewRateMode
                0x00000000000080b4       0x48 ./KSDK/boards/frdmk64f120m/pin_mux.o
 .text.PORT_HAL_SetPassiveFilterCmd
                0x00000000000080fc       0x48 ./KSDK/boards/frdmk64f120m/pin_mux.o
 .text.PORT_HAL_SetOpenDrainCmd
                0x0000000000008144       0x48 ./KSDK/boards/frdmk64f120m/pin_mux.o
 .text.PORT_HAL_SetDriveStrengthMode
                0x000000000000818c       0x48 ./KSDK/boards/frdmk64f120m/pin_mux.o
 .text.PORT_HAL_SetMuxMode
                0x00000000000081d4       0x54 ./KSDK/boards/frdmk64f120m/pin_mux.o
 .text.configure_enet_pins
                0x0000000000008228       0xc4 ./KSDK/boards/frdmk64f120m/pin_mux.o
                0x0000000000008228                configure_enet_pins
 .text.configure_gpio_pins
                0x00000000000082ec      0x134 ./KSDK/boards/frdmk64f120m/pin_mux.o
                0x00000000000082ec                configure_gpio_pins
 .text.configure_i2c_pins
                0x0000000000008420       0x78 ./KSDK/boards/frdmk64f120m/pin_mux.o
                0x0000000000008420                configure_i2c_pins
 .text.configure_sdhc_pins
                0x0000000000008498      0x104 ./KSDK/boards/frdmk64f120m/pin_mux.o
                0x0000000000008498                configure_sdhc_pins
 .text.configure_spi_pins
                0x000000000000859c       0x74 ./KSDK/boards/frdmk64f120m/pin_mux.o
                0x000000000000859c                configure_spi_pins
 .text.configure_uart_pins
                0x0000000000008610       0x50 ./KSDK/boards/frdmk64f120m/pin_mux.o
                0x0000000000008610                configure_uart_pins
 .text.init_data_bss
                0x0000000000008660       0xb8 ./BSP/KSDK/startup.o
                0x0000000000008660                init_data_bss
 .text.BSP_Ser_Init
                0x0000000000008718       0x70 ./BSP/bsp_ser.o
                0x0000000000008718                BSP_Ser_Init
 .text.BSP_Ser_Printf
                0x0000000000008788       0x3c ./BSP/bsp_ser.o
                0x0000000000008788                BSP_Ser_Printf
 .text.BSP_Ser_WrStr
                0x00000000000087c4       0x44 ./BSP/bsp_ser.o
                0x00000000000087c4                BSP_Ser_WrStr
 .text.BSP_Ser_ISR_Handler
                0x0000000000008808       0x1c ./BSP/bsp_ser.o
 .text.RxCallBackFnct
                0x0000000000008824       0x18 ./BSP/bsp_ser.o
 .text.CPU_TS_TmrInit
                0x000000000000883c       0x48 ./BSP/cpu_bsp.o
                0x000000000000883c                CPU_TS_TmrInit
 .text.main     0x0000000000008884       0x70 ./APP/app.o
                0x0000000000008884                main
 .text.AppTaskStart
                0x00000000000088f4       0x64 ./APP/app.o
 .text.AppObjCreate
                0x0000000000008958       0x70 ./APP/app.o
 .text.AppTaskCreate
                0x00000000000089c8      0x10c ./APP/app.o
 .text.App_TaskObj0
                0x0000000000008ad4       0xa0 ./APP/app.o
 .text.App_TaskObj1
                0x0000000000008b74       0x9c ./APP/app.o
 .text.App_TaskEq0Fp
                0x0000000000008c10      0x318 ./APP/app.o
 .text.App_TaskEq1Fp
                0x0000000000008f28      0x1f4 ./APP/app.o
 *fill*         0x000000000000911c        0x4 
 .text.cos      0x0000000000009120       0xc0 /usr/lib/gcc/arm-none-eabi/6.2.0/../../../../arm-none-eabi/lib/armv7e-m/fpu/libm.a(lib_a-s_cos.o)
                0x0000000000009120                cos
 .text.sin      0x00000000000091e0       0xc0 /usr/lib/gcc/arm-none-eabi/6.2.0/../../../../arm-none-eabi/lib/armv7e-m/fpu/libm.a(lib_a-s_sin.o)
                0x00000000000091e0                sin
 .text.exp      0x00000000000092a0      0x100 /usr/lib/gcc/arm-none-eabi/6.2.0/../../../../arm-none-eabi/lib/armv7e-m/fpu/libm.a(lib_a-w_exp.o)
                0x00000000000092a0                exp
 .text.__ieee754_exp
                0x00000000000093a0      0x324 /usr/lib/gcc/arm-none-eabi/6.2.0/../../../../arm-none-eabi/lib/armv7e-m/fpu/libm.a(lib_a-e_exp.o)
                0x00000000000093a0                __ieee754_exp
 *fill*         0x00000000000096c4        0x4 
 .text.__ieee754_rem_pio2
                0x00000000000096c8      0x44c /usr/lib/gcc/arm-none-eabi/6.2.0/../../../../arm-none-eabi/lib/armv7e-m/fpu/libm.a(lib_a-e_rem_pio2.o)
                0x00000000000096c8                __ieee754_rem_pio2
 *fill*         0x0000000000009b14        0x4 
 .text.__kernel_cos
                0x0000000000009b18      0x284 /usr/lib/gcc/arm-none-eabi/6.2.0/../../../../arm-none-eabi/lib/armv7e-m/fpu/libm.a(lib_a-k_cos.o)
                0x0000000000009b18                __kernel_cos
 *fill*         0x0000000000009d9c        0x4 
 .text.__kernel_rem_pio2
                0x0000000000009da0      0x870 /usr/lib/gcc/arm-none-eabi/6.2.0/../../../../arm-none-eabi/lib/armv7e-m/fpu/libm.a(lib_a-k_rem_pio2.o)
                0x0000000000009da0                __kernel_rem_pio2
 .text.__kernel_sin
                0x000000000000a610      0x194 /usr/lib/gcc/arm-none-eabi/6.2.0/../../../../arm-none-eabi/lib/armv7e-m/fpu/libm.a(lib_a-k_sin.o)
                0x000000000000a610                __kernel_sin
 .text.fabs     0x000000000000a7a4       0x10 /usr/lib/gcc/arm-none-eabi/6.2.0/../../../../arm-none-eabi/lib/armv7e-m/fpu/libm.a(lib_a-s_fabs.o)
                0x000000000000a7a4                fabs
 .text.finite   0x000000000000a7b4       0x10 /usr/lib/gcc/arm-none-eabi/6.2.0/../../../../arm-none-eabi/lib/armv7e-m/fpu/libm.a(lib_a-s_finite.o)
                0x000000000000a7b4                finite
 *fill*         0x000000000000a7c4        0x4 
 .text.floor    0x000000000000a7c8      0x120 /usr/lib/gcc/arm-none-eabi/6.2.0/../../../../arm-none-eabi/lib/armv7e-m/fpu/libm.a(lib_a-s_floor.o)
                0x000000000000a7c8                floor
 .text.matherr  0x000000000000a8e8        0x4 /usr/lib/gcc/arm-none-eabi/6.2.0/../../../../arm-none-eabi/lib/armv7e-m/fpu/libm.a(lib_a-s_matherr.o)
                0x000000000000a8e8                matherr
 *fill*         0x000000000000a8ec        0x4 
 .text.scalbn   0x000000000000a8f0      0x10c /usr/lib/gcc/arm-none-eabi/6.2.0/../../../../arm-none-eabi/lib/armv7e-m/fpu/libm.a(lib_a-s_scalbn.o)
                0x000000000000a8f0                scalbn
 .text.copysign
                0x000000000000a9fc       0x1c /usr/lib/gcc/arm-none-eabi/6.2.0/../../../../arm-none-eabi/lib/armv7e-m/fpu/libm.a(lib_a-s_copysign.o)
                0x000000000000a9fc                copysign
 .text.__assert_func
                0x000000000000aa18       0x3c /usr/lib/gcc/arm-none-eabi/6.2.0/../../../../arm-none-eabi/lib/armv7e-m/fpu/libg_nano.a(lib_a-assert.o)
                0x000000000000aa18                __assert_func
 .text.atexit   0x000000000000aa54        0xc /usr/lib/gcc/arm-none-eabi/6.2.0/../../../../arm-none-eabi/lib/armv7e-m/fpu/libg_nano.a(lib_a-atexit.o)
                0x000000000000aa54                atexit
 .text.__errno  0x000000000000aa60        0xc /usr/lib/gcc/arm-none-eabi/6.2.0/../../../../arm-none-eabi/lib/armv7e-m/fpu/libg_nano.a(lib_a-errno.o)
                0x000000000000aa60                __errno
 .text.exit     0x000000000000aa6c       0x28 /usr/lib/gcc/arm-none-eabi/6.2.0/../../../../arm-none-eabi/lib/armv7e-m/fpu/libg_nano.a(lib_a-exit.o)
                0x000000000000aa6c                exit
 .text.__libc_fini_array
                0x000000000000aa94       0x28 /usr/lib/gcc/arm-none-eabi/6.2.0/../../../../arm-none-eabi/lib/armv7e-m/fpu/libg_nano.a(lib_a-fini.o)
                0x000000000000aa94                __libc_fini_array
 .text.fprintf  0x000000000000aabc       0x24 /usr/lib/gcc/arm-none-eabi/6.2.0/../../../../arm-none-eabi/lib/armv7e-m/fpu/libg_nano.a(lib_a-fprintf.o)
                0x000000000000aabc                fprintf
                0x000000000000aabc                fiprintf
 .text.__libc_init_array
                0x000000000000aae0       0x48 /usr/lib/gcc/arm-none-eabi/6.2.0/../../../../arm-none-eabi/lib/armv7e-m/fpu/libg_nano.a(lib_a-init.o)
                0x000000000000aae0                __libc_init_array
 .text.malloc   0x000000000000ab28       0x10 /usr/lib/gcc/arm-none-eabi/6.2.0/../../../../arm-none-eabi/lib/armv7e-m/fpu/libg_nano.a(lib_a-malloc.o)
                0x000000000000ab28                malloc
 .text.free     0x000000000000ab38       0x10 /usr/lib/gcc/arm-none-eabi/6.2.0/../../../../arm-none-eabi/lib/armv7e-m/fpu/libg_nano.a(lib_a-malloc.o)
                0x000000000000ab38                free
 .text.memset   0x000000000000ab48       0x10 /usr/lib/gcc/arm-none-eabi/6.2.0/../../../../arm-none-eabi/lib/armv7e-m/fpu/libg_nano.a(lib_a-memset.o)
                0x000000000000ab48                memset
 .text._free_r  0x000000000000ab58       0x88 /usr/lib/gcc/arm-none-eabi/6.2.0/../../../../arm-none-eabi/lib/armv7e-m/fpu/libg_nano.a(lib_a-nano-freer.o)
                0x000000000000ab58                _free_r
 .text._malloc_r
                0x000000000000abe0       0xa4 /usr/lib/gcc/arm-none-eabi/6.2.0/../../../../arm-none-eabi/lib/armv7e-m/fpu/libg_nano.a(lib_a-nano-mallocr.o)
                0x000000000000abe0                _malloc_r
 .text.__sfputc_r
                0x000000000000ac84       0x30 /usr/lib/gcc/arm-none-eabi/6.2.0/../../../../arm-none-eabi/lib/armv7e-m/fpu/libg_nano.a(lib_a-nano-vfprintf.o)
 .text.__sfputs_r
                0x000000000000acb4       0x24 /usr/lib/gcc/arm-none-eabi/6.2.0/../../../../arm-none-eabi/lib/armv7e-m/fpu/libg_nano.a(lib_a-nano-vfprintf.o)
                0x000000000000acb4                __sfputs_r
 .text._vfprintf_r
                0x000000000000acd8      0x22c /usr/lib/gcc/arm-none-eabi/6.2.0/../../../../arm-none-eabi/lib/armv7e-m/fpu/libg_nano.a(lib_a-nano-vfprintf.o)
                0x000000000000acd8                _vfiprintf_r
                0x000000000000acd8                _vfprintf_r
 .text._printf_common
                0x000000000000af04       0xec /usr/lib/gcc/arm-none-eabi/6.2.0/../../../../arm-none-eabi/lib/armv7e-m/fpu/libg_nano.a(lib_a-nano-vfprintf_i.o)
                0x000000000000af04                _printf_common
 .text._printf_i
                0x000000000000aff0      0x240 /usr/lib/gcc/arm-none-eabi/6.2.0/../../../../arm-none-eabi/lib/armv7e-m/fpu/libg_nano.a(lib_a-nano-vfprintf_i.o)
                0x000000000000aff0                _printf_i
 .text._sbrk_r  0x000000000000b230       0x20 /usr/lib/gcc/arm-none-eabi/6.2.0/../../../../arm-none-eabi/lib/armv7e-m/fpu/libg_nano.a(lib_a-sbrkr.o)
                0x000000000000b230                _sbrk_r
 .text._vsprintf_r
                0x000000000000b250       0x30 /usr/lib/gcc/arm-none-eabi/6.2.0/../../../../arm-none-eabi/lib/armv7e-m/fpu/libg_nano.a(lib_a-vsprintf.o)
                0x000000000000b250                _vsiprintf_r
                0x000000000000b250                _vsprintf_r
 .text.vsprintf
                0x000000000000b280       0x14 /usr/lib/gcc/arm-none-eabi/6.2.0/../../../../arm-none-eabi/lib/armv7e-m/fpu/libg_nano.a(lib_a-vsprintf.o)
                0x000000000000b280                vsprintf
                0x000000000000b280                vsiprintf
 .text.__swbuf_r
                0x000000000000b294       0xa4 /usr/lib/gcc/arm-none-eabi/6.2.0/../../../../arm-none-eabi/lib/armv7e-m/fpu/libg_nano.a(lib_a-wbuf.o)
                0x000000000000b294                __swbuf_r
 .text.__swsetup_r
                0x000000000000b338       0xdc /usr/lib/gcc/arm-none-eabi/6.2.0/../../../../arm-none-eabi/lib/armv7e-m/fpu/libg_nano.a(lib_a-wsetup.o)
                0x000000000000b338                __swsetup_r
 .text.__register_exitproc
                0x000000000000b414       0xc8 /usr/lib/gcc/arm-none-eabi/6.2.0/../../../../arm-none-eabi/lib/armv7e-m/fpu/libg_nano.a(lib_a-__atexit.o)
                0x000000000000b414                __register_exitproc
 .text.__call_exitprocs
                0x000000000000b4dc       0xdc /usr/lib/gcc/arm-none-eabi/6.2.0/../../../../arm-none-eabi/lib/armv7e-m/fpu/libg_nano.a(lib_a-__call_atexit.o)
                0x000000000000b4dc                __call_exitprocs
 .text.abort    0x000000000000b5b8        0xe /usr/lib/gcc/arm-none-eabi/6.2.0/../../../../arm-none-eabi/lib/armv7e-m/fpu/libg_nano.a(lib_a-abort.o)
                0x000000000000b5b8                abort
 *fill*         0x000000000000b5c6        0x2 
 .text.__sflush_r
                0x000000000000b5c8      0x110 /usr/lib/gcc/arm-none-eabi/6.2.0/../../../../arm-none-eabi/lib/armv7e-m/fpu/libg_nano.a(lib_a-fflush.o)
                0x000000000000b5c8                __sflush_r
 .text._fflush_r
                0x000000000000b6d8       0x54 /usr/lib/gcc/arm-none-eabi/6.2.0/../../../../arm-none-eabi/lib/armv7e-m/fpu/libg_nano.a(lib_a-fflush.o)
                0x000000000000b6d8                _fflush_r
 .text._cleanup_r
                0x000000000000b72c        0xc /usr/lib/gcc/arm-none-eabi/6.2.0/../../../../arm-none-eabi/lib/armv7e-m/fpu/libg_nano.a(lib_a-findfp.o)
                0x000000000000b72c                _cleanup_r
 .text.std.isra.0
                0x000000000000b738       0x48 /usr/lib/gcc/arm-none-eabi/6.2.0/../../../../arm-none-eabi/lib/armv7e-m/fpu/libg_nano.a(lib_a-findfp.o)
 .text.__sfmoreglue
                0x000000000000b780       0x2c /usr/lib/gcc/arm-none-eabi/6.2.0/../../../../arm-none-eabi/lib/armv7e-m/fpu/libg_nano.a(lib_a-findfp.o)
                0x000000000000b780                __sfmoreglue
 .text.__sinit  0x000000000000b7ac       0x60 /usr/lib/gcc/arm-none-eabi/6.2.0/../../../../arm-none-eabi/lib/armv7e-m/fpu/libg_nano.a(lib_a-findfp.o)
                0x000000000000b7ac                __sinit
 .text.__sfp    0x000000000000b80c       0x78 /usr/lib/gcc/arm-none-eabi/6.2.0/../../../../arm-none-eabi/lib/armv7e-m/fpu/libg_nano.a(lib_a-findfp.o)
                0x000000000000b80c                __sfp
 .text._fwalk_reent
                0x000000000000b884       0x3c /usr/lib/gcc/arm-none-eabi/6.2.0/../../../../arm-none-eabi/lib/armv7e-m/fpu/libg_nano.a(lib_a-fwalk.o)
                0x000000000000b884                _fwalk_reent
 .text.__swhatbuf_r
                0x000000000000b8c0       0x48 /usr/lib/gcc/arm-none-eabi/6.2.0/../../../../arm-none-eabi/lib/armv7e-m/fpu/libg_nano.a(lib_a-makebuf.o)
                0x000000000000b8c0                __swhatbuf_r
 .text.__smakebuf_r
                0x000000000000b908       0x78 /usr/lib/gcc/arm-none-eabi/6.2.0/../../../../arm-none-eabi/lib/armv7e-m/fpu/libg_nano.a(lib_a-makebuf.o)
                0x000000000000b908                __smakebuf_r
 .text.memcpy   0x000000000000b980       0x16 /usr/lib/gcc/arm-none-eabi/6.2.0/../../../../arm-none-eabi/lib/armv7e-m/fpu/libg_nano.a(lib_a-memcpy-stub.o)
                0x000000000000b980                memcpy
 .text.memmove  0x000000000000b996       0x34 /usr/lib/gcc/arm-none-eabi/6.2.0/../../../../arm-none-eabi/lib/armv7e-m/fpu/libg_nano.a(lib_a-memmove.o)
                0x000000000000b996                memmove
 .text._realloc_r
                0x000000000000b9ca       0x4c /usr/lib/gcc/arm-none-eabi/6.2.0/../../../../arm-none-eabi/lib/armv7e-m/fpu/libg_nano.a(lib_a-nano-reallocr.o)
                0x000000000000b9ca                _realloc_r
 .text.__ssputs_r
                0x000000000000ba16       0xb6 /usr/lib/gcc/arm-none-eabi/6.2.0/../../../../arm-none-eabi/lib/armv7e-m/fpu/libg_nano.a(lib_a-nano-svfprintf.o)
                0x000000000000ba16                __ssputs_r
 .text._svfprintf_r
                0x000000000000bacc      0x1e8 /usr/lib/gcc/arm-none-eabi/6.2.0/../../../../arm-none-eabi/lib/armv7e-m/fpu/libg_nano.a(lib_a-nano-svfprintf.o)
                0x000000000000bacc                _svfprintf_r
                0x000000000000bacc                _svfiprintf_r
 .text._raise_r
                0x000000000000bcb4       0x50 /usr/lib/gcc/arm-none-eabi/6.2.0/../../../../arm-none-eabi/lib/armv7e-m/fpu/libg_nano.a(lib_a-signal.o)
                0x000000000000bcb4                _raise_r
 .text.raise    0x000000000000bd04       0x10 /usr/lib/gcc/arm-none-eabi/6.2.0/../../../../arm-none-eabi/lib/armv7e-m/fpu/libg_nano.a(lib_a-signal.o)
                0x000000000000bd04                raise
 .text._kill_r  0x000000000000bd14       0x24 /usr/lib/gcc/arm-none-eabi/6.2.0/../../../../arm-none-eabi/lib/armv7e-m/fpu/libg_nano.a(lib_a-signalr.o)
                0x000000000000bd14                _kill_r
 .text._getpid_r
                0x000000000000bd38        0x4 /usr/lib/gcc/arm-none-eabi/6.2.0/../../../../arm-none-eabi/lib/armv7e-m/fpu/libg_nano.a(lib_a-signalr.o)
                0x000000000000bd38                _getpid_r
 .text.__sread  0x000000000000bd3c       0x22 /usr/lib/gcc/arm-none-eabi/6.2.0/../../../../arm-none-eabi/lib/armv7e-m/fpu/libg_nano.a(lib_a-stdio.o)
                0x000000000000bd3c                __sread
 .text.__swrite
                0x000000000000bd5e       0x38 /usr/lib/gcc/arm-none-eabi/6.2.0/../../../../arm-none-eabi/lib/armv7e-m/fpu/libg_nano.a(lib_a-stdio.o)
                0x000000000000bd5e                __swrite
 .text.__sseek  0x000000000000bd96       0x24 /usr/lib/gcc/arm-none-eabi/6.2.0/../../../../arm-none-eabi/lib/armv7e-m/fpu/libg_nano.a(lib_a-stdio.o)
                0x000000000000bd96                __sseek
 .text.__sclose
                0x000000000000bdba        0x8 /usr/lib/gcc/arm-none-eabi/6.2.0/../../../../arm-none-eabi/lib/armv7e-m/fpu/libg_nano.a(lib_a-stdio.o)
                0x000000000000bdba                __sclose
 *fill*         0x000000000000bdc2        0x2 
 .text._write_r
                0x000000000000bdc4       0x24 /usr/lib/gcc/arm-none-eabi/6.2.0/../../../../arm-none-eabi/lib/armv7e-m/fpu/libg_nano.a(lib_a-writer.o)
                0x000000000000bdc4                _write_r
 .text._close_r
                0x000000000000bde8       0x20 /usr/lib/gcc/arm-none-eabi/6.2.0/../../../../arm-none-eabi/lib/armv7e-m/fpu/libg_nano.a(lib_a-closer.o)
                0x000000000000bde8                _close_r
 .text._fstat_r
                0x000000000000be08       0x24 /usr/lib/gcc/arm-none-eabi/6.2.0/../../../../arm-none-eabi/lib/armv7e-m/fpu/libg_nano.a(lib_a-fstatr.o)
                0x000000000000be08                _fstat_r
 .text._isatty_r
                0x000000000000be2c       0x20 /usr/lib/gcc/arm-none-eabi/6.2.0/../../../../arm-none-eabi/lib/armv7e-m/fpu/libg_nano.a(lib_a-isattyr.o)
                0x000000000000be2c                _isatty_r
 .text._lseek_r
                0x000000000000be4c       0x24 /usr/lib/gcc/arm-none-eabi/6.2.0/../../../../arm-none-eabi/lib/armv7e-m/fpu/libg_nano.a(lib_a-lseekr.o)
                0x000000000000be4c                _lseek_r
 .text._malloc_usable_size_r
                0x000000000000be70       0x12 /usr/lib/gcc/arm-none-eabi/6.2.0/../../../../arm-none-eabi/lib/armv7e-m/fpu/libg_nano.a(lib_a-nano-msizer.o)
                0x000000000000be70                _malloc_usable_size_r
 *fill*         0x000000000000be82        0x2 
 .text._read_r  0x000000000000be84       0x24 /usr/lib/gcc/arm-none-eabi/6.2.0/../../../../arm-none-eabi/lib/armv7e-m/fpu/libg_nano.a(lib_a-readr.o)
                0x000000000000be84                _read_r
 .text._close   0x000000000000bea8       0x10 /usr/lib/gcc/arm-none-eabi/6.2.0/../../../../arm-none-eabi/lib/armv7e-m/fpu/libnosys.a(close.o)
                0x000000000000bea8                _close
 .text._fstat   0x000000000000beb8       0x10 /usr/lib/gcc/arm-none-eabi/6.2.0/../../../../arm-none-eabi/lib/armv7e-m/fpu/libnosys.a(fstat.o)
                0x000000000000beb8                _fstat
 .text._getpid  0x000000000000bec8       0x10 /usr/lib/gcc/arm-none-eabi/6.2.0/../../../../arm-none-eabi/lib/armv7e-m/fpu/libnosys.a(getpid.o)
                0x000000000000bec8                _getpid
 .text._isatty  0x000000000000bed8       0x10 /usr/lib/gcc/arm-none-eabi/6.2.0/../../../../arm-none-eabi/lib/armv7e-m/fpu/libnosys.a(isatty.o)
                0x000000000000bed8                _isatty
 .text._kill    0x000000000000bee8       0x10 /usr/lib/gcc/arm-none-eabi/6.2.0/../../../../arm-none-eabi/lib/armv7e-m/fpu/libnosys.a(kill.o)
                0x000000000000bee8                _kill
 .text._lseek   0x000000000000bef8       0x10 /usr/lib/gcc/arm-none-eabi/6.2.0/../../../../arm-none-eabi/lib/armv7e-m/fpu/libnosys.a(lseek.o)
                0x000000000000bef8                _lseek
 .text._read    0x000000000000bf08       0x10 /usr/lib/gcc/arm-none-eabi/6.2.0/../../../../arm-none-eabi/lib/armv7e-m/fpu/libnosys.a(read.o)
                0x000000000000bf08                _read
 .text._sbrk    0x000000000000bf18       0x1c /usr/lib/gcc/arm-none-eabi/6.2.0/../../../../arm-none-eabi/lib/armv7e-m/fpu/libnosys.a(sbrk.o)
                0x000000000000bf18                _sbrk
 .text._write   0x000000000000bf34       0x10 /usr/lib/gcc/arm-none-eabi/6.2.0/../../../../arm-none-eabi/lib/armv7e-m/fpu/libnosys.a(write.o)
                0x000000000000bf34                _write
 .text._exit    0x000000000000bf44        0x4 /usr/lib/gcc/arm-none-eabi/6.2.0/../../../../arm-none-eabi/lib/armv7e-m/fpu/libnosys.a(_exit.o)
                0x000000000000bf44                _exit
 *(.rodata)
 .rodata        0x000000000000bf48       0x2c ./uCOS-III/Source/os_core.o
 .rodata        0x000000000000bf74        0xc ./uCOS-III/Source/os_flag.o
 .rodata        0x000000000000bf80        0xc ./uCOS-III/Source/os_mutex.o
 .rodata        0x000000000000bf8c        0x8 ./uCOS-III/Source/os_q.o
 .rodata        0x000000000000bf94        0xc ./uCOS-III/Source/os_sem.o
 .rodata        0x000000000000bfa0       0x14 ./uCOS-III/Source/os_stat.o
 .rodata        0x000000000000bfb4        0xc ./uCOS-III/Source/os_task.o
 .rodata        0x000000000000bfc0       0x14 ./uCOS-III/Source/os_tick.o
 .rodata        0x000000000000bfd4       0x30 ./uCOS-III/Source/os_tmr.o
 .rodata        0x000000000000c004       0x40 ./uC-LIB/lib_mem.o
 .rodata        0x000000000000c044      0x108 ./KSDK/platform/system/interrupt/src/fsl_interrupt_manager.o
 .rodata        0x000000000000c14c       0x28 ./KSDK/platform/osa/src/fsl_os_abstraction_ucosiii.o
 .rodata        0x000000000000c174      0x17c ./KSDK/platform/hal/sim/fsl_sim_hal.o
 .rodata        0x000000000000c2f0       0xa4 ./KSDK/platform/hal/gpio/fsl_gpio_hal.o
 .rodata        0x000000000000c394      0x200 ./KSDK/platform/drivers/uart/src/fsl_uart_driver.o
 .rodata        0x000000000000c594      0x290 ./KSDK/platform/drivers/gpio/src/fsl_gpio_driver.o
 .rodata        0x000000000000c824       0xc4 ./KSDK/boards/frdmk64f120m/pin_mux.o
 .rodata        0x000000000000c8e8      0x1c4 ./APP/app.o
 *(.rodata*)
 .rodata.OSCfg_IdleTaskStkBasePtr
                0x000000000000caac        0x4 ./uCOS-III/Source/os_cfg_app.o
                0x000000000000caac                OSCfg_IdleTaskStkBasePtr
 .rodata.OSCfg_IdleTaskStkLimit
                0x000000000000cab0        0x4 ./uCOS-III/Source/os_cfg_app.o
                0x000000000000cab0                OSCfg_IdleTaskStkLimit
 .rodata.OSCfg_IdleTaskStkSize
                0x000000000000cab4        0x4 ./uCOS-III/Source/os_cfg_app.o
                0x000000000000cab4                OSCfg_IdleTaskStkSize
 .rodata.OSCfg_ISRStkBasePtr
                0x000000000000cab8        0x4 ./uCOS-III/Source/os_cfg_app.o
                0x000000000000cab8                OSCfg_ISRStkBasePtr
 .rodata.OSCfg_ISRStkSize
                0x000000000000cabc        0x4 ./uCOS-III/Source/os_cfg_app.o
                0x000000000000cabc                OSCfg_ISRStkSize
 .rodata.OSCfg_MsgPoolSize
                0x000000000000cac0        0x2 ./uCOS-III/Source/os_cfg_app.o
                0x000000000000cac0                OSCfg_MsgPoolSize
 *fill*         0x000000000000cac2        0x2 
 .rodata.OSCfg_MsgPoolBasePtr
                0x000000000000cac4        0x4 ./uCOS-III/Source/os_cfg_app.o
                0x000000000000cac4                OSCfg_MsgPoolBasePtr
 .rodata.OSCfg_StatTaskPrio
                0x000000000000cac8        0x1 ./uCOS-III/Source/os_cfg_app.o
                0x000000000000cac8                OSCfg_StatTaskPrio
 *fill*         0x000000000000cac9        0x3 
 .rodata.OSCfg_StatTaskRate_Hz
                0x000000000000cacc        0x4 ./uCOS-III/Source/os_cfg_app.o
                0x000000000000cacc                OSCfg_StatTaskRate_Hz
 .rodata.OSCfg_StatTaskStkBasePtr
                0x000000000000cad0        0x4 ./uCOS-III/Source/os_cfg_app.o
                0x000000000000cad0                OSCfg_StatTaskStkBasePtr
 .rodata.OSCfg_StatTaskStkLimit
                0x000000000000cad4        0x4 ./uCOS-III/Source/os_cfg_app.o
                0x000000000000cad4                OSCfg_StatTaskStkLimit
 .rodata.OSCfg_StatTaskStkSize
                0x000000000000cad8        0x4 ./uCOS-III/Source/os_cfg_app.o
                0x000000000000cad8                OSCfg_StatTaskStkSize
 .rodata.OSCfg_StkSizeMin
                0x000000000000cadc        0x4 ./uCOS-III/Source/os_cfg_app.o
                0x000000000000cadc                OSCfg_StkSizeMin
 .rodata.OSCfg_TickRate_Hz
                0x000000000000cae0        0x4 ./uCOS-III/Source/os_cfg_app.o
                0x000000000000cae0                OSCfg_TickRate_Hz
 .rodata.OSCfg_TickTaskPrio
                0x000000000000cae4        0x1 ./uCOS-III/Source/os_cfg_app.o
                0x000000000000cae4                OSCfg_TickTaskPrio
 *fill*         0x000000000000cae5        0x3 
 .rodata.OSCfg_TickTaskStkBasePtr
                0x000000000000cae8        0x4 ./uCOS-III/Source/os_cfg_app.o
                0x000000000000cae8                OSCfg_TickTaskStkBasePtr
 .rodata.OSCfg_TickTaskStkLimit
                0x000000000000caec        0x4 ./uCOS-III/Source/os_cfg_app.o
                0x000000000000caec                OSCfg_TickTaskStkLimit
 .rodata.OSCfg_TickTaskStkSize
                0x000000000000caf0        0x4 ./uCOS-III/Source/os_cfg_app.o
                0x000000000000caf0                OSCfg_TickTaskStkSize
 .rodata.OSCfg_TmrTaskPrio
                0x000000000000caf4        0x1 ./uCOS-III/Source/os_cfg_app.o
                0x000000000000caf4                OSCfg_TmrTaskPrio
 *fill*         0x000000000000caf5        0x3 
 .rodata.OSCfg_TmrTaskRate_Hz
                0x000000000000caf8        0x4 ./uCOS-III/Source/os_cfg_app.o
                0x000000000000caf8                OSCfg_TmrTaskRate_Hz
 .rodata.OSCfg_TmrTaskStkBasePtr
                0x000000000000cafc        0x4 ./uCOS-III/Source/os_cfg_app.o
                0x000000000000cafc                OSCfg_TmrTaskStkBasePtr
 .rodata.OSCfg_TmrTaskStkLimit
                0x000000000000cb00        0x4 ./uCOS-III/Source/os_cfg_app.o
                0x000000000000cb00                OSCfg_TmrTaskStkLimit
 .rodata.OSCfg_TmrTaskStkSize
                0x000000000000cb04        0x4 ./uCOS-III/Source/os_cfg_app.o
                0x000000000000cb04                OSCfg_TmrTaskStkSize
 .rodata.OSDbg_DbgEn
                0x000000000000cb08        0x1 ./uCOS-III/Source/os_dbg.o
                0x000000000000cb08                OSDbg_DbgEn
 .rodata.OSDbg_ArgChkEn
                0x000000000000cb09        0x1 ./uCOS-III/Source/os_dbg.o
                0x000000000000cb09                OSDbg_ArgChkEn
 .rodata.OSDbg_AppHooksEn
                0x000000000000cb0a        0x1 ./uCOS-III/Source/os_dbg.o
                0x000000000000cb0a                OSDbg_AppHooksEn
 *fill*         0x000000000000cb0b        0x1 
 .rodata.OSDbg_EndiannessTest
                0x000000000000cb0c        0x4 ./uCOS-III/Source/os_dbg.o
                0x000000000000cb0c                OSDbg_EndiannessTest
 .rodata.OSDbg_CalledFromISRChkEn
                0x000000000000cb10        0x1 ./uCOS-III/Source/os_dbg.o
                0x000000000000cb10                OSDbg_CalledFromISRChkEn
 .rodata.OSDbg_FlagEn
                0x000000000000cb11        0x1 ./uCOS-III/Source/os_dbg.o
                0x000000000000cb11                OSDbg_FlagEn
 *fill*         0x000000000000cb12        0x2 
 .rodata.OSDbg_FlagGrp
                0x000000000000cb14       0x28 ./uCOS-III/Source/os_dbg.o
                0x000000000000cb14                OSDbg_FlagGrp
 .rodata.OSDbg_FlagDelEn
                0x000000000000cb3c        0x1 ./uCOS-III/Source/os_dbg.o
                0x000000000000cb3c                OSDbg_FlagDelEn
 .rodata.OSDbg_FlagModeClrEn
                0x000000000000cb3d        0x1 ./uCOS-III/Source/os_dbg.o
                0x000000000000cb3d                OSDbg_FlagModeClrEn
 .rodata.OSDbg_FlagPendAbortEn
                0x000000000000cb3e        0x1 ./uCOS-III/Source/os_dbg.o
                0x000000000000cb3e                OSDbg_FlagPendAbortEn
 *fill*         0x000000000000cb3f        0x1 
 .rodata.OSDbg_FlagGrpSize
                0x000000000000cb40        0x2 ./uCOS-III/Source/os_dbg.o
                0x000000000000cb40                OSDbg_FlagGrpSize
 .rodata.OSDbg_FlagWidth
                0x000000000000cb42        0x2 ./uCOS-III/Source/os_dbg.o
                0x000000000000cb42                OSDbg_FlagWidth
 .rodata.OSDbg_ISRPostDeferredEn
                0x000000000000cb44        0x1 ./uCOS-III/Source/os_dbg.o
                0x000000000000cb44                OSDbg_ISRPostDeferredEn
 *fill*         0x000000000000cb45        0x3 
 .rodata.OSDbg_Mem
                0x000000000000cb48       0x20 ./uCOS-III/Source/os_dbg.o
                0x000000000000cb48                OSDbg_Mem
 .rodata.OSDbg_MemEn
                0x000000000000cb68        0x1 ./uCOS-III/Source/os_dbg.o
                0x000000000000cb68                OSDbg_MemEn
 *fill*         0x000000000000cb69        0x1 
 .rodata.OSDbg_MemSize
                0x000000000000cb6a        0x2 ./uCOS-III/Source/os_dbg.o
                0x000000000000cb6a                OSDbg_MemSize
 .rodata.OSDbg_MsgEn
                0x000000000000cb6c        0x1 ./uCOS-III/Source/os_dbg.o
                0x000000000000cb6c                OSDbg_MsgEn
 *fill*         0x000000000000cb6d        0x1 
 .rodata.OSDbg_MsgSize
                0x000000000000cb6e        0x2 ./uCOS-III/Source/os_dbg.o
                0x000000000000cb6e                OSDbg_MsgSize
 .rodata.OSDbg_MsgPoolSize
                0x000000000000cb70        0x2 ./uCOS-III/Source/os_dbg.o
                0x000000000000cb70                OSDbg_MsgPoolSize
 .rodata.OSDbg_MsgQSize
                0x000000000000cb72        0x2 ./uCOS-III/Source/os_dbg.o
                0x000000000000cb72                OSDbg_MsgQSize
 .rodata.OSDbg_Mutex
                0x000000000000cb74       0x30 ./uCOS-III/Source/os_dbg.o
                0x000000000000cb74                OSDbg_Mutex
 .rodata.OSDbg_MutexEn
                0x000000000000cba4        0x1 ./uCOS-III/Source/os_dbg.o
                0x000000000000cba4                OSDbg_MutexEn
 .rodata.OSDbg_MutexDelEn
                0x000000000000cba5        0x1 ./uCOS-III/Source/os_dbg.o
                0x000000000000cba5                OSDbg_MutexDelEn
 .rodata.OSDbg_MutexPendAbortEn
                0x000000000000cba6        0x1 ./uCOS-III/Source/os_dbg.o
                0x000000000000cba6                OSDbg_MutexPendAbortEn
 *fill*         0x000000000000cba7        0x1 
 .rodata.OSDbg_MutexSize
                0x000000000000cba8        0x2 ./uCOS-III/Source/os_dbg.o
                0x000000000000cba8                OSDbg_MutexSize
 .rodata.OSDbg_ObjTypeChkEn
                0x000000000000cbaa        0x1 ./uCOS-III/Source/os_dbg.o
                0x000000000000cbaa                OSDbg_ObjTypeChkEn
 .rodata.OSDbg_PendMultiEn
                0x000000000000cbab        0x1 ./uCOS-III/Source/os_dbg.o
                0x000000000000cbab                OSDbg_PendMultiEn
 .rodata.OSDbg_PendDataSize
                0x000000000000cbac        0x2 ./uCOS-III/Source/os_dbg.o
                0x000000000000cbac                OSDbg_PendDataSize
 .rodata.OSDbg_PendListSize
                0x000000000000cbae        0x2 ./uCOS-III/Source/os_dbg.o
                0x000000000000cbae                OSDbg_PendListSize
 .rodata.OSDbg_PendObjSize
                0x000000000000cbb0        0x2 ./uCOS-III/Source/os_dbg.o
                0x000000000000cbb0                OSDbg_PendObjSize
 .rodata.OSDbg_PrioMax
                0x000000000000cbb2        0x2 ./uCOS-III/Source/os_dbg.o
                0x000000000000cbb2                OSDbg_PrioMax
 .rodata.OSDbg_PrioTblSize
                0x000000000000cbb4        0x2 ./uCOS-III/Source/os_dbg.o
                0x000000000000cbb4                OSDbg_PrioTblSize
 .rodata.OSDbg_PtrSize
                0x000000000000cbb6        0x2 ./uCOS-III/Source/os_dbg.o
                0x000000000000cbb6                OSDbg_PtrSize
 .rodata.OSDbg_Q
                0x000000000000cbb8       0x30 ./uCOS-III/Source/os_dbg.o
                0x000000000000cbb8                OSDbg_Q
 .rodata.OSDbg_QEn
                0x000000000000cbe8        0x1 ./uCOS-III/Source/os_dbg.o
                0x000000000000cbe8                OSDbg_QEn
 .rodata.OSDbg_QDelEn
                0x000000000000cbe9        0x1 ./uCOS-III/Source/os_dbg.o
                0x000000000000cbe9                OSDbg_QDelEn
 .rodata.OSDbg_QFlushEn
                0x000000000000cbea        0x1 ./uCOS-III/Source/os_dbg.o
                0x000000000000cbea                OSDbg_QFlushEn
 .rodata.OSDbg_QPendAbortEn
                0x000000000000cbeb        0x1 ./uCOS-III/Source/os_dbg.o
                0x000000000000cbeb                OSDbg_QPendAbortEn
 .rodata.OSDbg_QSize
                0x000000000000cbec        0x2 ./uCOS-III/Source/os_dbg.o
                0x000000000000cbec                OSDbg_QSize
 .rodata.OSDbg_SchedRoundRobinEn
                0x000000000000cbee        0x1 ./uCOS-III/Source/os_dbg.o
                0x000000000000cbee                OSDbg_SchedRoundRobinEn
 *fill*         0x000000000000cbef        0x1 
 .rodata.OSDbg_Sem
                0x000000000000cbf0       0x28 ./uCOS-III/Source/os_dbg.o
                0x000000000000cbf0                OSDbg_Sem
 .rodata.OSDbg_SemEn
                0x000000000000cc18        0x1 ./uCOS-III/Source/os_dbg.o
                0x000000000000cc18                OSDbg_SemEn
 .rodata.OSDbg_SemDelEn
                0x000000000000cc19        0x1 ./uCOS-III/Source/os_dbg.o
                0x000000000000cc19                OSDbg_SemDelEn
 .rodata.OSDbg_SemPendAbortEn
                0x000000000000cc1a        0x1 ./uCOS-III/Source/os_dbg.o
                0x000000000000cc1a                OSDbg_SemPendAbortEn
 .rodata.OSDbg_SemSetEn
                0x000000000000cc1b        0x1 ./uCOS-III/Source/os_dbg.o
                0x000000000000cc1b                OSDbg_SemSetEn
 .rodata.OSDbg_SemSize
                0x000000000000cc1c        0x2 ./uCOS-III/Source/os_dbg.o
                0x000000000000cc1c                OSDbg_SemSize
 .rodata.OSDbg_RdyList
                0x000000000000cc1e        0x2 ./uCOS-III/Source/os_dbg.o
                0x000000000000cc1e                OSDbg_RdyList
 .rodata.OSDbg_RdyListSize
                0x000000000000cc20        0x4 ./uCOS-III/Source/os_dbg.o
                0x000000000000cc20                OSDbg_RdyListSize
 .rodata.OSDbg_StkWidth
                0x000000000000cc24        0x1 ./uCOS-III/Source/os_dbg.o
                0x000000000000cc24                OSDbg_StkWidth
 .rodata.OSDbg_StatTaskEn
                0x000000000000cc25        0x1 ./uCOS-III/Source/os_dbg.o
                0x000000000000cc25                OSDbg_StatTaskEn
 .rodata.OSDbg_StatTaskStkChkEn
                0x000000000000cc26        0x1 ./uCOS-III/Source/os_dbg.o
                0x000000000000cc26                OSDbg_StatTaskStkChkEn
 .rodata.OSDbg_TaskChangePrioEn
                0x000000000000cc27        0x1 ./uCOS-III/Source/os_dbg.o
                0x000000000000cc27                OSDbg_TaskChangePrioEn
 .rodata.OSDbg_TaskDelEn
                0x000000000000cc28        0x1 ./uCOS-III/Source/os_dbg.o
                0x000000000000cc28                OSDbg_TaskDelEn
 .rodata.OSDbg_TaskQEn
                0x000000000000cc29        0x1 ./uCOS-III/Source/os_dbg.o
                0x000000000000cc29                OSDbg_TaskQEn
 .rodata.OSDbg_TaskQPendAbortEn
                0x000000000000cc2a        0x1 ./uCOS-III/Source/os_dbg.o
                0x000000000000cc2a                OSDbg_TaskQPendAbortEn
 .rodata.OSDbg_TaskProfileEn
                0x000000000000cc2b        0x1 ./uCOS-III/Source/os_dbg.o
                0x000000000000cc2b                OSDbg_TaskProfileEn
 .rodata.OSDbg_TaskRegTblSize
                0x000000000000cc2c        0x2 ./uCOS-III/Source/os_dbg.o
                0x000000000000cc2c                OSDbg_TaskRegTblSize
 .rodata.OSDbg_TaskSemPendAbortEn
                0x000000000000cc2e        0x1 ./uCOS-III/Source/os_dbg.o
                0x000000000000cc2e                OSDbg_TaskSemPendAbortEn
 .rodata.OSDbg_TaskSuspendEn
                0x000000000000cc2f        0x1 ./uCOS-III/Source/os_dbg.o
                0x000000000000cc2f                OSDbg_TaskSuspendEn
 .rodata.OSDbg_TCBSize
                0x000000000000cc30        0x2 ./uCOS-III/Source/os_dbg.o
                0x000000000000cc30                OSDbg_TCBSize
 .rodata.OSDbg_TickListSize
                0x000000000000cc32        0x2 ./uCOS-III/Source/os_dbg.o
                0x000000000000cc32                OSDbg_TickListSize
 .rodata.OSDbg_TimeDlyHMSMEn
                0x000000000000cc34        0x1 ./uCOS-III/Source/os_dbg.o
                0x000000000000cc34                OSDbg_TimeDlyHMSMEn
 .rodata.OSDbg_TimeDlyResumeEn
                0x000000000000cc35        0x1 ./uCOS-III/Source/os_dbg.o
                0x000000000000cc35                OSDbg_TimeDlyResumeEn
 *fill*         0x000000000000cc36        0x2 
 .rodata.OSDbg_Tmr
                0x000000000000cc38       0x30 ./uCOS-III/Source/os_dbg.o
                0x000000000000cc38                OSDbg_Tmr
 .rodata.OSDbg_TmrEn
                0x000000000000cc68        0x1 ./uCOS-III/Source/os_dbg.o
                0x000000000000cc68                OSDbg_TmrEn
 .rodata.OSDbg_TmrDelEn
                0x000000000000cc69        0x1 ./uCOS-III/Source/os_dbg.o
                0x000000000000cc69                OSDbg_TmrDelEn
 .rodata.OSDbg_TmrSize
                0x000000000000cc6a        0x2 ./uCOS-III/Source/os_dbg.o
                0x000000000000cc6a                OSDbg_TmrSize
 .rodata.OSDbg_VersionNbr
                0x000000000000cc6c        0x2 ./uCOS-III/Source/os_dbg.o
                0x000000000000cc6c                OSDbg_VersionNbr
 *fill*         0x000000000000cc6e        0x2 
 .rodata.OSDbg_DataSize
                0x000000000000cc70        0x4 ./uCOS-III/Source/os_dbg.o
                0x000000000000cc70                OSDbg_DataSize
 .rodata.__func__.14565
                0x000000000000cc74       0x18 ./KSDK/platform/system/interrupt/src/fsl_interrupt_manager.o
 .rodata.g_simBaseAddr
                0x000000000000cc8c        0x4 ./KSDK/platform/system/clock/fsl_clock_manager.o
                0x000000000000cc8c                g_simBaseAddr
 .rodata.kClockNameConfigTable
                0x000000000000cc90       0x14 ./KSDK/platform/hal/sim/MK64F12/fsl_sim_hal_K64F12.o
                0x000000000000cc90                kClockNameConfigTable
 .rodata.__func__.15268
                0x000000000000cca4       0x18 ./KSDK/platform/hal/sim/fsl_sim_hal.o
 .rodata.__func__.14597
                0x000000000000ccbc       0x14 ./KSDK/platform/hal/gpio/fsl_gpio_hal.o
 .rodata.__func__.14603
                0x000000000000ccd0       0x18 ./KSDK/platform/hal/gpio/fsl_gpio_hal.o
 .rodata.__func__.18105
                0x000000000000cce8       0x10 ./KSDK/platform/drivers/uart/src/fsl_uart_driver.o
 .rodata.__func__.18091
                0x000000000000ccf8       0x14 ./KSDK/platform/drivers/uart/src/fsl_uart_driver.o
 .rodata.__func__.18125
                0x000000000000cd0c       0x1c ./KSDK/platform/drivers/uart/src/fsl_uart_driver.o
 .rodata.__func__.18131
                0x000000000000cd28       0x1c ./KSDK/platform/drivers/uart/src/fsl_uart_driver.o
 .rodata.__func__.18139
                0x000000000000cd44       0x18 ./KSDK/platform/drivers/uart/src/fsl_uart_driver.o
 .rodata.__func__.18149
                0x000000000000cd5c       0x20 ./KSDK/platform/drivers/uart/src/fsl_uart_driver.o
 .rodata.__func__.18166
                0x000000000000cd7c       0x1c ./KSDK/platform/drivers/uart/src/fsl_uart_driver.o
 .rodata.__func__.18193
                0x000000000000cd98       0x1c ./KSDK/platform/drivers/uart/src/fsl_uart_driver.o
 .rodata.g_uartBaseAddr
                0x000000000000cdb4       0x18 ./KSDK/platform/drivers/uart/common/fsl_uart_common.o
                0x000000000000cdb4                g_uartBaseAddr
 .rodata.__func__.14581
                0x000000000000cdcc       0x14 ./KSDK/platform/drivers/gpio/src/fsl_gpio_driver.o
 .rodata.__func__.14575
                0x000000000000cde0       0x18 ./KSDK/platform/drivers/gpio/src/fsl_gpio_driver.o
 .rodata.__func__.14593
                0x000000000000cdf8       0x20 ./KSDK/platform/drivers/gpio/src/fsl_gpio_driver.o
 .rodata.__func__.14623
                0x000000000000ce18       0x20 ./KSDK/platform/drivers/gpio/src/fsl_gpio_driver.o
 .rodata.__func__.14645
                0x000000000000ce38       0x18 ./KSDK/platform/drivers/gpio/src/fsl_gpio_driver.o
 .rodata.__func__.16274
                0x000000000000ce50       0x14 ./KSDK/platform/drivers/gpio/src/fsl_gpio_driver.o
 .rodata.__func__.14587
                0x000000000000ce64       0x1c ./KSDK/platform/drivers/gpio/src/fsl_gpio_driver.o
 .rodata.__func__.14605
                0x000000000000ce80       0x20 ./KSDK/platform/drivers/gpio/src/fsl_gpio_driver.o
 .rodata.__func__.14599
                0x000000000000cea0       0x1c ./KSDK/platform/drivers/gpio/src/fsl_gpio_driver.o
 .rodata.__func__.14719
                0x000000000000cebc       0x1c ./KSDK/platform/drivers/gpio/src/fsl_gpio_driver.o
 .rodata.g_gpioBaseAddr
                0x000000000000ced8       0x14 ./KSDK/platform/drivers/gpio/common/fsl_gpio_common.o
                0x000000000000ced8                g_gpioBaseAddr
 .rodata.g_portBaseAddr
                0x000000000000ceec       0x14 ./KSDK/platform/drivers/gpio/common/fsl_gpio_common.o
                0x000000000000ceec                g_portBaseAddr
 .rodata.g_portIrqId
                0x000000000000cf00        0x8 ./KSDK/platform/drivers/gpio/common/fsl_gpio_common.o
                0x000000000000cf00                g_portIrqId
 .rodata.ledPins
                0x000000000000cf08       0x30 ./KSDK/boards/frdmk64f120m/gpio_pins.o
                0x000000000000cf08                ledPins
 .rodata.__func__.14611
                0x000000000000cf38       0x14 ./KSDK/boards/frdmk64f120m/pin_mux.o
 .rodata.__func__.14599
                0x000000000000cf4c       0x1c ./KSDK/boards/frdmk64f120m/pin_mux.o
 .rodata.__func__.14575
                0x000000000000cf68       0x18 ./KSDK/boards/frdmk64f120m/pin_mux.o
 .rodata.__func__.14581
                0x000000000000cf80       0x14 ./KSDK/boards/frdmk64f120m/pin_mux.o
 .rodata.__func__.14593